Archive member included to satisfy reference by file (symbol)

d:/ac6/systemworkbench/plugins/fr.ac6.mcu.externaltools.arm-none.win32_1.17.0.201812190825/tools/compiler/bin/../lib/gcc/arm-none-eabi/7.3.1/thumb/v7e-m/fpv4-sp/hard\libgcc.a(_aeabi_uldivmod.o)
                              Drivers/STM32F4xx_HAL_Driver/Src/stm32f4xx_hal_rcc.o (__aeabi_uldivmod)
d:/ac6/systemworkbench/plugins/fr.ac6.mcu.externaltools.arm-none.win32_1.17.0.201812190825/tools/compiler/bin/../lib/gcc/arm-none-eabi/7.3.1/thumb/v7e-m/fpv4-sp/hard\libgcc.a(_udivmoddi4.o)
                              d:/ac6/systemworkbench/plugins/fr.ac6.mcu.externaltools.arm-none.win32_1.17.0.201812190825/tools/compiler/bin/../lib/gcc/arm-none-eabi/7.3.1/thumb/v7e-m/fpv4-sp/hard\libgcc.a(_aeabi_uldivmod.o) (__udivmoddi4)
d:/ac6/systemworkbench/plugins/fr.ac6.mcu.externaltools.arm-none.win32_1.17.0.201812190825/tools/compiler/bin/../lib/gcc/arm-none-eabi/7.3.1/thumb/v7e-m/fpv4-sp/hard\libgcc.a(_dvmd_tls.o)
                              d:/ac6/systemworkbench/plugins/fr.ac6.mcu.externaltools.arm-none.win32_1.17.0.201812190825/tools/compiler/bin/../lib/gcc/arm-none-eabi/7.3.1/thumb/v7e-m/fpv4-sp/hard\libgcc.a(_aeabi_uldivmod.o) (__aeabi_ldiv0)
d:/ac6/systemworkbench/plugins/fr.ac6.mcu.externaltools.arm-none.win32_1.17.0.201812190825/tools/compiler/bin/../lib/gcc/arm-none-eabi/7.3.1/../../../../arm-none-eabi/lib/thumb/v7e-m/fpv4-sp/hard\libc_nano.a(lib_a-errno.o)
                              Core/Src/syscalls.o (__errno)
d:/ac6/systemworkbench/plugins/fr.ac6.mcu.externaltools.arm-none.win32_1.17.0.201812190825/tools/compiler/bin/../lib/gcc/arm-none-eabi/7.3.1/../../../../arm-none-eabi/lib/thumb/v7e-m/fpv4-sp/hard\libc_nano.a(lib_a-exit.o)
                              d:/ac6/systemworkbench/plugins/fr.ac6.mcu.externaltools.arm-none.win32_1.17.0.201812190825/tools/compiler/bin/../lib/gcc/arm-none-eabi/7.3.1/../../../../arm-none-eabi/lib/thumb/v7e-m/fpv4-sp/hard/crt0.o (exit)
d:/ac6/systemworkbench/plugins/fr.ac6.mcu.externaltools.arm-none.win32_1.17.0.201812190825/tools/compiler/bin/../lib/gcc/arm-none-eabi/7.3.1/../../../../arm-none-eabi/lib/thumb/v7e-m/fpv4-sp/hard\libc_nano.a(lib_a-impure.o)
                              d:/ac6/systemworkbench/plugins/fr.ac6.mcu.externaltools.arm-none.win32_1.17.0.201812190825/tools/compiler/bin/../lib/gcc/arm-none-eabi/7.3.1/../../../../arm-none-eabi/lib/thumb/v7e-m/fpv4-sp/hard\libc_nano.a(lib_a-exit.o) (_global_impure_ptr)
d:/ac6/systemworkbench/plugins/fr.ac6.mcu.externaltools.arm-none.win32_1.17.0.201812190825/tools/compiler/bin/../lib/gcc/arm-none-eabi/7.3.1/../../../../arm-none-eabi/lib/thumb/v7e-m/fpv4-sp/hard\libc_nano.a(lib_a-init.o)
                              d:/ac6/systemworkbench/plugins/fr.ac6.mcu.externaltools.arm-none.win32_1.17.0.201812190825/tools/compiler/bin/../lib/gcc/arm-none-eabi/7.3.1/../../../../arm-none-eabi/lib/thumb/v7e-m/fpv4-sp/hard/crt0.o (__libc_init_array)
d:/ac6/systemworkbench/plugins/fr.ac6.mcu.externaltools.arm-none.win32_1.17.0.201812190825/tools/compiler/bin/../lib/gcc/arm-none-eabi/7.3.1/../../../../arm-none-eabi/lib/thumb/v7e-m/fpv4-sp/hard\libc_nano.a(lib_a-malloc.o)
                              Core/Src/stm32f4_printf.o (malloc)
d:/ac6/systemworkbench/plugins/fr.ac6.mcu.externaltools.arm-none.win32_1.17.0.201812190825/tools/compiler/bin/../lib/gcc/arm-none-eabi/7.3.1/../../../../arm-none-eabi/lib/thumb/v7e-m/fpv4-sp/hard\libc_nano.a(lib_a-memset.o)
                              d:/ac6/systemworkbench/plugins/fr.ac6.mcu.externaltools.arm-none.win32_1.17.0.201812190825/tools/compiler/bin/../lib/gcc/arm-none-eabi/7.3.1/../../../../arm-none-eabi/lib/thumb/v7e-m/fpv4-sp/hard/crt0.o (memset)
d:/ac6/systemworkbench/plugins/fr.ac6.mcu.externaltools.arm-none.win32_1.17.0.201812190825/tools/compiler/bin/../lib/gcc/arm-none-eabi/7.3.1/../../../../arm-none-eabi/lib/thumb/v7e-m/fpv4-sp/hard\libc_nano.a(lib_a-nano-freer.o)
                              d:/ac6/systemworkbench/plugins/fr.ac6.mcu.externaltools.arm-none.win32_1.17.0.201812190825/tools/compiler/bin/../lib/gcc/arm-none-eabi/7.3.1/../../../../arm-none-eabi/lib/thumb/v7e-m/fpv4-sp/hard\libc_nano.a(lib_a-malloc.o) (_free_r)
d:/ac6/systemworkbench/plugins/fr.ac6.mcu.externaltools.arm-none.win32_1.17.0.201812190825/tools/compiler/bin/../lib/gcc/arm-none-eabi/7.3.1/../../../../arm-none-eabi/lib/thumb/v7e-m/fpv4-sp/hard\libc_nano.a(lib_a-nano-mallocr.o)
                              d:/ac6/systemworkbench/plugins/fr.ac6.mcu.externaltools.arm-none.win32_1.17.0.201812190825/tools/compiler/bin/../lib/gcc/arm-none-eabi/7.3.1/../../../../arm-none-eabi/lib/thumb/v7e-m/fpv4-sp/hard\libc_nano.a(lib_a-malloc.o) (_malloc_r)
d:/ac6/systemworkbench/plugins/fr.ac6.mcu.externaltools.arm-none.win32_1.17.0.201812190825/tools/compiler/bin/../lib/gcc/arm-none-eabi/7.3.1/../../../../arm-none-eabi/lib/thumb/v7e-m/fpv4-sp/hard\libc_nano.a(lib_a-sbrkr.o)
[...]
Memory Configuration

Name             Origin             Length             Attributes
RAM              0x20000000         0x00020000         xrw
CCMRAM           0x10000000         0x00010000         xrw
FLASH            0x08000000         0x00100000         xr
*default*        0x00000000         0xffffffff

Linker script and memory map

LOAD d:/ac6/systemworkbench/plugins/fr.ac6.mcu.externaltools.arm-none.win32_1.17.0.201812190825/tools/compiler/bin/../lib/gcc/arm-none-eabi/7.3.1/thumb/v7e-m/fpv4-sp/hard/crti.o
LOAD d:/ac6/systemworkbench/plugins/fr.ac6.mcu.externaltools.arm-none.win32_1.17.0.201812190825/tools/compiler/bin/../lib/gcc/arm-none-eabi/7.3.1/thumb/v7e-m/fpv4-sp/hard/crtbegin.o
LOAD d:/ac6/systemworkbench/plugins/fr.ac6.mcu.externaltools.arm-none.win32_1.17.0.201812190825/tools/compiler/bin/../lib/gcc/arm-none-eabi/7.3.1/../../../../arm-none-eabi/lib/thumb/v7e-m/fpv4-sp/hard/crt0.o
LOAD Core/Src/can.o
LOAD Core/Src/canmd_controller.o
LOAD Core/Src/gpio.o
LOAD Core/Src/main.o
LOAD Core/Src/ps3.o
LOAD Core/Src/stm32f4_easy_can.o
LOAD Core/Src/stm32f4_printf.o
LOAD Core/Src/stm32f4xx_hal_msp.o
LOAD Core/Src/stm32f4xx_it.o
LOAD Core/Src/syscalls.o
LOAD Core/Src/system_stm32f4xx.o
LOAD Core/Src/tim.o
LOAD Core/Src/usart.o
LOAD Drivers/STM32F4xx_HAL_Driver/Src/stm32f4xx_hal.o
LOAD Drivers/STM32F4xx_HAL_Driver/Src/stm32f4xx_hal_can.o
LOAD Drivers/STM32F4xx_HAL_Driver/Src/stm32f4xx_hal_cortex.o
LOAD Drivers/STM32F4xx_HAL_Driver/Src/stm32f4xx_hal_dma.o
LOAD Drivers/STM32F4xx_HAL_Driver/Src/stm32f4xx_hal_dma_ex.o
LOAD Drivers/STM32F4xx_HAL_Driver/Src/stm32f4xx_hal_exti.o
LOAD Drivers/STM32F4xx_HAL_Driver/Src/stm32f4xx_hal_flash.o
LOAD Drivers/STM32F4xx_HAL_Driver/Src/stm32f4xx_hal_flash_ex.o
LOAD Drivers/STM32F4xx_HAL_Driver/Src/stm32f4xx_hal_flash_ramfunc.o
LOAD Drivers/STM32F4xx_HAL_Driver/Src/stm32f4xx_hal_gpio.o
LOAD Drivers/STM32F4xx_HAL_Driver/Src/stm32f4xx_hal_pwr.o
LOAD Drivers/STM32F4xx_HAL_Driver/Src/stm32f4xx_hal_pwr_ex.o
LOAD Drivers/STM32F4xx_HAL_Driver/Src/stm32f4xx_hal_rcc.o
LOAD Drivers/STM32F4xx_HAL_Driver/Src/stm32f4xx_hal_rcc_ex.o
LOAD Drivers/STM32F4xx_HAL_Driver/Src/stm32f4xx_hal_tim.o
LOAD Drivers/STM32F4xx_HAL_Driver/Src/stm32f4xx_hal_tim_ex.o
LOAD Drivers/STM32F4xx_HAL_Driver/Src/stm32f4xx_hal_uart.o
LOAD startup/startup_stm32f407xx.o
LOAD d:/ac6/systemworkbench/plugins/fr.ac6.mcu.externaltools.arm-none.win32_1.17.0.201812190825/tools/compiler/bin/../lib/gcc/arm-none-eabi/7.3.1/../../../../arm-none-eabi/lib/thumb/v7e-m/fpv4-sp/hard\libm.a
START GROUP
LOAD d:/ac6/systemworkbench/plugins/fr.ac6.mcu.externaltools.arm-none.win32_1.17.0.201812190825/tools/compiler/bin/../lib/gcc/arm-none-eabi/7.3.1/thumb/v7e-m/fpv4-sp/hard\libgcc.a
LOAD d:/ac6/systemworkbench/plugins/fr.ac6.mcu.externaltools.arm-none.win32_1.17.0.201812190825/tools/compiler/bin/../lib/gcc/arm-none-eabi/7.3.1/../../../../arm-none-eabi/lib/thumb/v7e-m/fpv4-sp/hard\libc_nano.a
END GROUP
START GROUP
LOAD d:/ac6/systemworkbench/plugins/fr.ac6.mcu.externaltools.arm-none.win32_1.17.0.201812190825/tools/compiler/bin/../lib/gcc/arm-none-eabi/7.3.1/thumb/v7e-m/fpv4-sp/hard\libgcc.a
LOAD d:/ac6/systemworkbench/plugins/fr.ac6.mcu.externaltools.arm-none.win32_1.17.0.201812190825/tools/compiler/bin/../lib/gcc/arm-none-eabi/7.3.1/../../../../arm-none-eabi/lib/thumb/v7e-m/fpv4-sp/hard\libc_nano.a
LOAD d:/ac6/systemworkbench/plugins/fr.ac6.mcu.externaltools.arm-none.win32_1.17.0.201812190825/tools/compiler/bin/../lib/gcc/arm-none-eabi/7.3.1/../../../../arm-none-eabi/lib/thumb/v7e-m/fpv4-sp/hard\libnosys.a
END GROUP
START GROUP
LOAD d:/ac6/systemworkbench/plugins/fr.ac6.mcu.externaltools.arm-none.win32_1.17.0.201812190825/tools/compiler/bin/../lib/gcc/arm-none-eabi/7.3.1/thumb/v7e-m/fpv4-sp/hard\libgcc.a
LOAD d:/ac6/systemworkbench/plugins/fr.ac6.mcu.externaltools.arm-none.win32_1.17.0.201812190825/tools/compiler/bin/../lib/gcc/arm-none-eabi/7.3.1/../../../../arm-none-eabi/lib/thumb/v7e-m/fpv4-sp/hard\libc_nano.a
LOAD d:/ac6/systemworkbench/plugins/fr.ac6.mcu.externaltools.arm-none.win32_1.17.0.201812190825/tools/compiler/bin/../lib/gcc/arm-none-eabi/7.3.1/../../../../arm-none-eabi/lib/thumb/v7e-m/fpv4-sp/hard\libnosys.a
END GROUP
LOAD d:/ac6/systemworkbench/plugins/fr.ac6.mcu.externaltools.arm-none.win32_1.17.0.201812190825/tools/compiler/bin/../lib/gcc/arm-none-eabi/7.3.1/thumb/v7e-m/fpv4-sp/hard/crtend.o
LOAD d:/ac6/systemworkbench/plugins/fr.ac6.mcu.externaltools.arm-none.win32_1.17.0.201812190825/tools/compiler/bin/../lib/gcc/arm-none-eabi/7.3.1/thumb/v7e-m/fpv4-sp/hard/crtn.o
                0x20020000                _estack = 0x20020000
                0x00000200                _Min_Heap_Size = 0x200
                0x00000400                _Min_Stack_Size = 0x400

.isr_vector     0x08000000      0x188
                0x08000000                . = ALIGN (0x4)
 *(.isr_vector)
 .isr_vector    0x08000000      0x188 startup/startup_stm32f407xx.o
                0x08000000                g_pfnVectors
                0x08000188                . = ALIGN (0x4)

.text           0x08000190     0x395c
                0x08000190                . = ALIGN (0x4)
 *(.text)
 .text          0x08000190       0x40 d:/ac6/systemworkbench/plugins/fr.ac6.mcu.externaltools.arm-none.win32_1.17.0.201812190825/tools/compiler/bin/../lib/gcc/arm-none-eabi/7.3.1/thumb/v7e-m/fpv4-sp/hard/crtbegin.o
 .text          0x080001d0       0x30 d:/ac6/systemworkbench/plugins/fr.ac6.mcu.externaltools.arm-none.win32_1.17.0.201812190825/tools/compiler/bin/../lib/gcc/arm-none-eabi/7.3.1/thumb/v7e-m/fpv4-sp/hard\libgcc.a(_aeabi_uldivmod.o)
                0x080001d0                __aeabi_uldivmod
 .text          0x08000200      0x2cc d:/ac6/systemworkbench/plugins/fr.ac6.mcu.externaltools.arm-none.win32_1.17.0.201812190825/tools/compiler/bin/../lib/gcc/arm-none-eabi/7.3.1/thumb/v7e-m/fpv4-sp/hard\libgcc.a(_udivmoddi4.o)
                0x08000200                __udivmoddi4
 .text          0x080004cc        0x4 d:/ac6/systemworkbench/plugins/fr.ac6.mcu.externaltools.arm-none.win32_1.17.0.201812190825/tools/compiler/bin/../lib/gcc/arm-none-eabi/7.3.1/thumb/v7e-m/fpv4-sp/hard\libgcc.a(_dvmd_tls.o)
                0x080004cc                __aeabi_idiv0
                0x080004cc                __aeabi_ldiv0
 .text          0x080004d0       0xa0 d:/ac6/systemworkbench/plugins/fr.ac6.mcu.externaltools.arm-none.win32_1.17.0.201812190825/tools/compiler/bin/../lib/gcc/arm-none-eabi/7.3.1/../../../../arm-none-eabi/lib/thumb/v7e-m/fpv4-sp/hard\libc_nano.a(lib_a-memchr.o)
                0x080004d0                memchr
 *(.text*)
 .text.MX_CAN1_Init
                0x08000570       0x40 Core/Src/can.o
                0x08000570                MX_CAN1_Init
 .text.HAL_CAN_MspInit
                0x080005b0       0x80 Core/Src/can.o
                0x080005b0                HAL_CAN_MspInit
 .text.canmd_controller_init
                0x08000630       0x28 Core/Src/canmd_controller.o
                0x08000630                canmd_controller_init
 .text.is_appropriate_md_id
                0x08000658        0xe Core/Src/canmd_controller.o
                0x08000658                is_appropriate_md_id
 *fill*         0x08000666        0x2 
 .text.canmd_controller_set_motor_control_data
                0x08000668       0x3c Core/Src/canmd_controller.o
                0x08000668                canmd_controller_set_motor_control_data
 .text.canmd_controller_clear_encoder_count
                0x080006a4       0x30 Core/Src/canmd_controller.o
                0x080006a4                canmd_controller_clear_encoder_count
 .text.canmd_controller_clear_all_encoder_count
                0x080006d4       0x1e Core/Src/canmd_controller.o
                0x080006d4                canmd_controller_clear_all_encoder_count
 *fill*         0x080006f2        0x2 
 .text.canmd_controller_set_can_receive_data
                0x080006f4       0xb4 Core/Src/canmd_controller.o
                0x080006f4                canmd_controller_set_can_receive_data
 .text.canmd_controller_get_can_transmit_data
                0x080007a8       0x48 Core/Src/canmd_controller.o
                0x080007a8                canmd_controller_get_can_transmit_data
 .text.MX_GPIO_Init
                0x080007f0       0xe0 Core/Src/gpio.o
                0x080007f0                MX_GPIO_Init
 .text.SystemClock_Config
                0x080008d0       0x90 Core/Src/main.o
                0x080008d0                SystemClock_Config
 .text.HAL_UART_RxCpltCallback
                0x08000960       0x2c Core/Src/main.o
                0x08000960                HAL_UART_RxCpltCallback
 .text.canmd_status_set_data
                0x0800098c       0x34 Core/Src/main.o
                0x0800098c                canmd_status_set_data
 .text.main     0x080009c0      0x134 Core/Src/main.o
                0x080009c0                main
 .text.stm32f4_easy_can_interrupt_handler
                0x08000af4       0x1e Core/Src/main.o
                0x08000af4                stm32f4_easy_can_interrupt_handler
 *fill*         0x08000b12        0x2 
 .text.HAL_TIM_PeriodElapsedCallback
                0x08000b14      0x238 Core/Src/main.o
                0x08000b14                HAL_TIM_PeriodElapsedCallback
 .text.Error_Handler
                0x08000d4c        0x2 Core/Src/main.o
                0x08000d4c                Error_Handler
 *fill*         0x08000d4e        0x2 
 .text.ps3_clear
                0x08000d50       0x30 Core/Src/ps3.o
                0x08000d50                ps3_clear
 .text.ps3_init
                0x08000d80       0x14 Core/Src/ps3.o
                0x08000d80                ps3_init
 .text.ps3_uart_interrupt_routine
                0x08000d94      0x148 Core/Src/ps3.o
                0x08000d94                ps3_uart_interrupt_routine
 .text.ps3_get_data
                0x08000edc       0x1c Core/Src/ps3.o
                0x08000edc                ps3_get_data
 .text.stm32f4_easy_can_init
                0x08000ef8       0x5c Core/Src/stm32f4_easy_can.o
                0x08000ef8                stm32f4_easy_can_init
 .text.stm32f4_easy_can_get_receive_message
                0x08000f54       0x28 Core/Src/stm32f4_easy_can.o
                0x08000f54                stm32f4_easy_can_get_receive_message
 .text.stm32f4_easy_can_transmit_message
                0x08000f7c       0x58 Core/Src/stm32f4_easy_can.o
                0x08000f7c                stm32f4_easy_can_transmit_message
 .text.HAL_CAN_RxFifo0MsgPendingCallback
                0x08000fd4       0x4c Core/Src/stm32f4_easy_can.o
                0x08000fd4                HAL_CAN_RxFifo0MsgPendingCallback
 .text.stm32f4_printf_init
                0x08001020        0xc Core/Src/stm32f4_printf.o
                0x08001020                stm32f4_printf_init
 .text.stm32f4_puts
                0x0800102c       0x28 Core/Src/stm32f4_printf.o
                0x0800102c                stm32f4_puts
 .text.stm32f4_printf
                0x08001054       0x3e Core/Src/stm32f4_printf.o
                0x08001054                stm32f4_printf
 *fill*         0x08001092        0x2 
 .text.HAL_MspInit
                0x08001094       0x38 Core/Src/stm32f4xx_hal_msp.o
                0x08001094                HAL_MspInit
 .text.NMI_Handler
                0x080010cc        0x2 Core/Src/stm32f4xx_it.o
                0x080010cc                NMI_Handler
 .text.HardFault_Handler
                0x080010ce        0x2 Core/Src/stm32f4xx_it.o
                0x080010ce                HardFault_Handler
 .text.MemManage_Handler
                0x080010d0        0x2 Core/Src/stm32f4xx_it.o
                0x080010d0                MemManage_Handler
 .text.BusFault_Handler
                0x080010d2        0x2 Core/Src/stm32f4xx_it.o
                0x080010d2                BusFault_Handler
 .text.UsageFault_Handler
                0x080010d4        0x2 Core/Src/stm32f4xx_it.o
                0x080010d4                UsageFault_Handler
 .text.SVC_Handler
                0x080010d6        0x2 Core/Src/stm32f4xx_it.o
                0x080010d6                SVC_Handler
 .text.DebugMon_Handler
                0x080010d8        0x2 Core/Src/stm32f4xx_it.o
                0x080010d8                DebugMon_Handler
 .text.PendSV_Handler
                0x080010da        0x2 Core/Src/stm32f4xx_it.o
                0x080010da                PendSV_Handler
 .text.SysTick_Handler
                0x080010dc        0x8 Core/Src/stm32f4xx_it.o
                0x080010dc                SysTick_Handler
 .text.CAN1_RX0_IRQHandler
                0x080010e4       0x10 Core/Src/stm32f4xx_it.o
                0x080010e4                CAN1_RX0_IRQHandler
 .text.TIM4_IRQHandler
                0x080010f4       0x10 Core/Src/stm32f4xx_it.o
                0x080010f4                TIM4_IRQHandler
 .text.UART4_IRQHandler
                0x08001104       0x10 Core/Src/stm32f4xx_it.o
                0x08001104                UART4_IRQHandler
 .text.UART5_IRQHandler
                0x08001114       0x10 Core/Src/stm32f4xx_it.o
                0x08001114                UART5_IRQHandler
 .text.TIM6_DAC_IRQHandler
                0x08001124       0x10 Core/Src/stm32f4xx_it.o
                0x08001124                TIM6_DAC_IRQHandler
 .text.TIM7_IRQHandler
                0x08001134       0x10 Core/Src/stm32f4xx_it.o
                0x08001134                TIM7_IRQHandler
 .text._sbrk    0x08001144       0x3c Core/Src/syscalls.o
                0x08001144                _sbrk
 .text.SystemInit
                0x08001180       0x1c Core/Src/system_stm32f4xx.o
                0x08001180                SystemInit
 .text.MX_TIM4_Init
                0x0800119c       0x70 Core/Src/tim.o
                0x0800119c                MX_TIM4_Init
 .text.MX_TIM6_Init
                0x0800120c       0x50 Core/Src/tim.o
                0x0800120c                MX_TIM6_Init
 .text.MX_TIM7_Init
                0x0800125c       0x50 Core/Src/tim.o
                0x0800125c                MX_TIM7_Init
 .text.HAL_TIM_Base_MspInit
                0x080012ac       0xa8 Core/Src/tim.o
                0x080012ac                HAL_TIM_Base_MspInit
 .text.MX_UART4_Init
                0x08001354       0x34 Core/Src/usart.o
                0x08001354                MX_UART4_Init
 .text.MX_UART5_Init
                0x08001388       0x34 Core/Src/usart.o
                0x08001388                MX_UART5_Init
 .text.HAL_UART_MspInit
                0x080013bc      0x120 Core/Src/usart.o
                0x080013bc                HAL_UART_MspInit
 .text.HAL_InitTick
                0x080014dc       0x48 Drivers/STM32F4xx_HAL_Driver/Src/stm32f4xx_hal.o
                0x080014dc                HAL_InitTick
 .text.HAL_Init
                0x08001524       0x34 Drivers/STM32F4xx_HAL_Driver/Src/stm32f4xx_hal.o
                0x08001524                HAL_Init
 .text.HAL_IncTick
                0x08001558       0x18 Drivers/STM32F4xx_HAL_Driver/Src/stm32f4xx_hal.o
                0x08001558                HAL_IncTick
 .text.HAL_GetTick
                0x08001570        0xc Drivers/STM32F4xx_HAL_Driver/Src/stm32f4xx_hal.o
                0x08001570                HAL_GetTick
 .text.HAL_Delay
                0x0800157c       0x28 Drivers/STM32F4xx_HAL_Driver/Src/stm32f4xx_hal.o
                0x0800157c                HAL_Delay
 .text.HAL_CAN_Init
                0x080015a4      0x14c Drivers/STM32F4xx_HAL_Driver/Src/stm32f4xx_hal_can.o
                0x080015a4                HAL_CAN_Init
 .text.HAL_CAN_ConfigFilter
                0x080016f0      0x12c Drivers/STM32F4xx_HAL_Driver/Src/stm32f4xx_hal_can.o
                0x080016f0                HAL_CAN_ConfigFilter
 .text.HAL_CAN_Start
                0x0800181c       0x5c Drivers/STM32F4xx_HAL_Driver/Src/stm32f4xx_hal_can.o
                0x0800181c                HAL_CAN_Start
 .text.HAL_CAN_AddTxMessage
                0x08001878       0xea Drivers/STM32F4xx_HAL_Driver/Src/stm32f4xx_hal_can.o
                0x08001878                HAL_CAN_AddTxMessage
 .text.HAL_CAN_IsTxMessagePending
                0x08001962       0x24 Drivers/STM32F4xx_HAL_Driver/Src/stm32f4xx_hal_can.o
                0x08001962                HAL_CAN_IsTxMessagePending
 .text.HAL_CAN_GetRxMessage
                0x08001986      0x134 Drivers/STM32F4xx_HAL_Driver/Src/stm32f4xx_hal_can.o
                0x08001986                HAL_CAN_GetRxMessage
 .text.HAL_CAN_ActivateNotification
                0x08001aba       0x24 Drivers/STM32F4xx_HAL_Driver/Src/stm32f4xx_hal_can.o
                0x08001aba                HAL_CAN_ActivateNotification
 .text.HAL_CAN_TxMailbox0CompleteCallback
                0x08001ade        0x2 Drivers/STM32F4xx_HAL_Driver/Src/stm32f4xx_hal_can.o
                0x08001ade                HAL_CAN_TxMailbox0CompleteCallback
 .text.HAL_CAN_TxMailbox1CompleteCallback
                0x08001ae0        0x2 Drivers/STM32F4xx_HAL_Driver/Src/stm32f4xx_hal_can.o
                0x08001ae0                HAL_CAN_TxMailbox1CompleteCallback
 .text.HAL_CAN_TxMailbox2CompleteCallback
                0x08001ae2        0x2 Drivers/STM32F4xx_HAL_Driver/Src/stm32f4xx_hal_can.o
                0x08001ae2                HAL_CAN_TxMailbox2CompleteCallback
 .text.HAL_CAN_TxMailbox0AbortCallback
                0x08001ae4        0x2 Drivers/STM32F4xx_HAL_Driver/Src/stm32f4xx_hal_can.o
                0x08001ae4                HAL_CAN_TxMailbox0AbortCallback
 .text.HAL_CAN_TxMailbox1AbortCallback
                0x08001ae6        0x2 Drivers/STM32F4xx_HAL_Driver/Src/stm32f4xx_hal_can.o
                0x08001ae6                HAL_CAN_TxMailbox1AbortCallback
 .text.HAL_CAN_TxMailbox2AbortCallback
                0x08001ae8        0x2 Drivers/STM32F4xx_HAL_Driver/Src/stm32f4xx_hal_can.o
                0x08001ae8                HAL_CAN_TxMailbox2AbortCallback
 .text.HAL_CAN_RxFifo0FullCallback
                0x08001aea        0x2 Drivers/STM32F4xx_HAL_Driver/Src/stm32f4xx_hal_can.o
                0x08001aea                HAL_CAN_RxFifo0FullCallback
 .text.HAL_CAN_RxFifo1MsgPendingCallback
                0x08001aec        0x2 Drivers/STM32F4xx_HAL_Driver/Src/stm32f4xx_hal_can.o
                0x08001aec                HAL_CAN_RxFifo1MsgPendingCallback
 .text.HAL_CAN_RxFifo1FullCallback
                0x08001aee        0x2 Drivers/STM32F4xx_HAL_Driver/Src/stm32f4xx_hal_can.o
                0x08001aee                HAL_CAN_RxFifo1FullCallback
 .text.HAL_CAN_SleepCallback
                0x08001af0        0x2 Drivers/STM32F4xx_HAL_Driver/Src/stm32f4xx_hal_can.o
                0x08001af0                HAL_CAN_SleepCallback
 .text.HAL_CAN_WakeUpFromRxMsgCallback
                0x08001af2        0x2 Drivers/STM32F4xx_HAL_Driver/Src/stm32f4xx_hal_can.o
                0x08001af2                HAL_CAN_WakeUpFromRxMsgCallback
 .text.HAL_CAN_ErrorCallback
                0x08001af4        0x2 Drivers/STM32F4xx_HAL_Driver/Src/stm32f4xx_hal_can.o
                0x08001af4                HAL_CAN_ErrorCallback
 .text.HAL_CAN_IRQHandler
                0x08001af6      0x258 Drivers/STM32F4xx_HAL_Driver/Src/stm32f4xx_hal_can.o
                0x08001af6                HAL_CAN_IRQHandler
 *fill*         0x08001d4e        0x2 
 .text.HAL_NVIC_SetPriorityGrouping
                0x08001d50       0x24 Drivers/STM32F4xx_HAL_Driver/Src/stm32f4xx_hal_cortex.o
                0x08001d50                HAL_NVIC_SetPriorityGrouping
 .text.HAL_NVIC_SetPriority
                0x08001d74       0x68 Drivers/STM32F4xx_HAL_Driver/Src/stm32f4xx_hal_cortex.o
                0x08001d74                HAL_NVIC_SetPriority
 .text.HAL_NVIC_EnableIRQ
                0x08001ddc       0x1c Drivers/STM32F4xx_HAL_Driver/Src/stm32f4xx_hal_cortex.o
                0x08001ddc                HAL_NVIC_EnableIRQ
 .text.HAL_SYSTICK_Config
                0x08001df8       0x2c Drivers/STM32F4xx_HAL_Driver/Src/stm32f4xx_hal_cortex.o
                0x08001df8                HAL_SYSTICK_Config
 .text.HAL_DMA_Abort_IT
                0x08001e24       0x26 Drivers/STM32F4xx_HAL_Driver/Src/stm32f4xx_hal_dma.o
                0x08001e24                HAL_DMA_Abort_IT
 *fill*         0x08001e4a        0x2 
 .text.HAL_GPIO_Init
                0x08001e4c      0x1c8 Drivers/STM32F4xx_HAL_Driver/Src/stm32f4xx_hal_gpio.o
                0x08001e4c                HAL_GPIO_Init
 .text.HAL_GPIO_WritePin
                0x08002014        0xc Drivers/STM32F4xx_HAL_Driver/Src/stm32f4xx_hal_gpio.o
                0x08002014                HAL_GPIO_WritePin
 .text.HAL_GPIO_TogglePin
                0x08002020       0x12 Drivers/STM32F4xx_HAL_Driver/Src/stm32f4xx_hal_gpio.o
                0x08002020                HAL_GPIO_TogglePin
 *fill*         0x08002032        0x2 
 .text.HAL_RCC_OscConfig
                0x08002034      0x3ec Drivers/STM32F4xx_HAL_Driver/Src/stm32f4xx_hal_rcc.o
                0x08002034                HAL_RCC_OscConfig
 .text.HAL_RCC_GetSysClockFreq
                0x08002420       0xa8 Drivers/STM32F4xx_HAL_Driver/Src/stm32f4xx_hal_rcc.o
                0x08002420                HAL_RCC_GetSysClockFreq
 .text.HAL_RCC_ClockConfig
                0x080024c8      0x160 Drivers/STM32F4xx_HAL_Driver/Src/stm32f4xx_hal_rcc.o
                0x080024c8                HAL_RCC_ClockConfig
 .text.HAL_RCC_GetHCLKFreq
                0x08002628        0xc Drivers/STM32F4xx_HAL_Driver/Src/stm32f4xx_hal_rcc.o
                0x08002628                HAL_RCC_GetHCLKFreq
 .text.HAL_RCC_GetPCLK1Freq
                0x08002634       0x20 Drivers/STM32F4xx_HAL_Driver/Src/stm32f4xx_hal_rcc.o
                0x08002634                HAL_RCC_GetPCLK1Freq
 .text.HAL_RCC_GetPCLK2Freq
                0x08002654       0x20 Drivers/STM32F4xx_HAL_Driver/Src/stm32f4xx_hal_rcc.o
                0x08002654                HAL_RCC_GetPCLK2Freq
 .text.TIM_TI1_ConfigInputStage
                0x08002674       0x26 Drivers/STM32F4xx_HAL_Driver/Src/stm32f4xx_hal_tim.o
 .text.TIM_TI2_ConfigInputStage
                0x0800269a       0x28 Drivers/STM32F4xx_HAL_Driver/Src/stm32f4xx_hal_tim.o
 .text.TIM_ITRx_SetConfig
                0x080026c2       0x10 Drivers/STM32F4xx_HAL_Driver/Src/stm32f4xx_hal_tim.o
 .text.HAL_TIM_Base_Start_IT
                0x080026d2       0x22 Drivers/STM32F4xx_HAL_Driver/Src/stm32f4xx_hal_tim.o
                0x080026d2                HAL_TIM_Base_Start_IT
 .text.HAL_TIM_OC_DelayElapsedCallback
                0x080026f4        0x2 Drivers/STM32F4xx_HAL_Driver/Src/stm32f4xx_hal_tim.o
                0x080026f4                HAL_TIM_OC_DelayElapsedCallback
 .text.HAL_TIM_IC_CaptureCallback
                0x080026f6        0x2 Drivers/STM32F4xx_HAL_Driver/Src/stm32f4xx_hal_tim.o
                0x080026f6                HAL_TIM_IC_CaptureCallback
 .text.HAL_TIM_PWM_PulseFinishedCallback
                0x080026f8        0x2 Drivers/STM32F4xx_HAL_Driver/Src/stm32f4xx_hal_tim.o
                0x080026f8                HAL_TIM_PWM_PulseFinishedCallback
 .text.HAL_TIM_TriggerCallback
                0x080026fa        0x2 Drivers/STM32F4xx_HAL_Driver/Src/stm32f4xx_hal_tim.o
                0x080026fa                HAL_TIM_TriggerCallback
 .text.HAL_TIM_IRQHandler
                0x080026fc      0x17a Drivers/STM32F4xx_HAL_Driver/Src/stm32f4xx_hal_tim.o
                0x080026fc                HAL_TIM_IRQHandler
 *fill*         0x08002876        0x2 
 .text.TIM_Base_SetConfig
                0x08002878       0xc8 Drivers/STM32F4xx_HAL_Driver/Src/stm32f4xx_hal_tim.o
                0x08002878                TIM_Base_SetConfig
 .text.HAL_TIM_Base_Init
                0x08002940       0x32 Drivers/STM32F4xx_HAL_Driver/Src/stm32f4xx_hal_tim.o
                0x08002940                HAL_TIM_Base_Init
 .text.TIM_ETR_SetConfig
                0x08002972       0x18 Drivers/STM32F4xx_HAL_Driver/Src/stm32f4xx_hal_tim.o
                0x08002972                TIM_ETR_SetConfig
 .text.HAL_TIM_ConfigClockSource
                0x0800298a       0xda Drivers/STM32F4xx_HAL_Driver/Src/stm32f4xx_hal_tim.o
                0x0800298a                HAL_TIM_ConfigClockSource
 .text.HAL_TIMEx_MasterConfigSynchronization
                0x08002a64       0x88 Drivers/STM32F4xx_HAL_Driver/Src/stm32f4xx_hal_tim_ex.o
                0x08002a64                HAL_TIMEx_MasterConfigSynchronization
 .text.HAL_TIMEx_CommutCallback
                0x08002aec        0x2 Drivers/STM32F4xx_HAL_Driver/Src/stm32f4xx_hal_tim_ex.o
                0x08002aec                HAL_TIMEx_CommutCallback
 .text.HAL_TIMEx_BreakCallback
                0x08002aee        0x2 Drivers/STM32F4xx_HAL_Driver/Src/stm32f4xx_hal_tim_ex.o
                0x08002aee                HAL_TIMEx_BreakCallback
 .text.UART_EndRxTransfer
                0x08002af0       0x1c Drivers/STM32F4xx_HAL_Driver/Src/stm32f4xx_hal_uart.o
 .text.UART_Transmit_IT
                0x08002b0c       0x68 Drivers/STM32F4xx_HAL_Driver/Src/stm32f4xx_hal_uart.o
 .text.UART_SetConfig
                0x08002b74      0x218 Drivers/STM32F4xx_HAL_Driver/Src/stm32f4xx_hal_uart.o
 .text.UART_WaitOnFlagUntilTimeout
                0x08002d8c       0x62 Drivers/STM32F4xx_HAL_Driver/Src/stm32f4xx_hal_uart.o
 .text.HAL_UART_Init
                0x08002dee       0x5e Drivers/STM32F4xx_HAL_Driver/Src/stm32f4xx_hal_uart.o
                0x08002dee                HAL_UART_Init
 .text.HAL_UART_Transmit
                0x08002e4c       0xe2 Drivers/STM32F4xx_HAL_Driver/Src/stm32f4xx_hal_uart.o
                0x08002e4c                HAL_UART_Transmit
 .text.HAL_UART_Receive_IT
                0x08002f2e       0x5c Drivers/STM32F4xx_HAL_Driver/Src/stm32f4xx_hal_uart.o
                0x08002f2e                HAL_UART_Receive_IT
 .text.HAL_UART_TxCpltCallback
                0x08002f8a        0x2 Drivers/STM32F4xx_HAL_Driver/Src/stm32f4xx_hal_uart.o
                0x08002f8a                HAL_UART_TxCpltCallback
 .text.UART_EndTransmit_IT
                0x08002f8c       0x1a Drivers/STM32F4xx_HAL_Driver/Src/stm32f4xx_hal_uart.o
 .text.UART_Receive_IT
                0x08002fa6       0x9c Drivers/STM32F4xx_HAL_Driver/Src/stm32f4xx_hal_uart.o
 .text.HAL_UART_ErrorCallback
                0x08003042        0x2 Drivers/STM32F4xx_HAL_Driver/Src/stm32f4xx_hal_uart.o
                0x08003042                HAL_UART_ErrorCallback
 .text.HAL_UART_IRQHandler
                0x08003044      0x128 Drivers/STM32F4xx_HAL_Driver/Src/stm32f4xx_hal_uart.o
                0x08003044                HAL_UART_IRQHandler
 .text.UART_DMAAbortOnError
                0x0800316c       0x10 Drivers/STM32F4xx_HAL_Driver/Src/stm32f4xx_hal_uart.o
 .text.Reset_Handler
                0x0800317c       0x50 startup/startup_stm32f407xx.o
                0x0800317c                Reset_Handler
 .text.Default_Handler
                0x080031cc        0x2 startup/startup_stm32f407xx.o
                0x080031cc                RTC_Alarm_IRQHandler
                0x080031cc                HASH_RNG_IRQHandler
                0x080031cc                EXTI2_IRQHandler
                0x080031cc                TIM8_CC_IRQHandler
                0x080031cc                TIM1_CC_IRQHandler
                0x080031cc                DMA2_Stream5_IRQHandler
                0x080031cc                DMA1_Stream5_IRQHandler
                0x080031cc                PVD_IRQHandler
                0x080031cc                SDIO_IRQHandler
                0x080031cc                TAMP_STAMP_IRQHandler
                0x080031cc                CAN2_RX1_IRQHandler
                0x080031cc                EXTI3_IRQHandler
                0x080031cc                TIM8_TRG_COM_TIM14_IRQHandler
                0x080031cc                TIM1_UP_TIM10_IRQHandler
                0x080031cc                TIM8_UP_TIM13_IRQHandler
                0x080031cc                I2C3_ER_IRQHandler
                0x080031cc                EXTI0_IRQHandler
                0x080031cc                I2C2_EV_IRQHandler
                0x080031cc                DMA1_Stream2_IRQHandler
                0x080031cc                FPU_IRQHandler
                0x080031cc                OTG_HS_WKUP_IRQHandler
                0x080031cc                CAN2_SCE_IRQHandler
                0x080031cc                DMA2_Stream2_IRQHandler
                0x080031cc                SPI1_IRQHandler
                0x080031cc                TIM1_BRK_TIM9_IRQHandler
                0x080031cc                DCMI_IRQHandler
                0x080031cc                CAN2_RX0_IRQHandler
                0x080031cc                DMA2_Stream3_IRQHandler
                0x080031cc                USART6_IRQHandler
                0x080031cc                USART3_IRQHandler
                0x080031cc                CAN1_RX1_IRQHandler
                0x080031cc                DMA2_Stream0_IRQHandler
                0x080031cc                I2C1_EV_IRQHandler
                0x080031cc                DMA1_Stream6_IRQHandler
                0x080031cc                DMA1_Stream1_IRQHandler
                0x080031cc                TIM3_IRQHandler
                0x080031cc                RCC_IRQHandler
                0x080031cc                TIM8_BRK_TIM12_IRQHandler
                0x080031cc                Default_Handler
                0x080031cc                EXTI15_10_IRQHandler
                0x080031cc                ADC_IRQHandler
                0x080031cc                DMA1_Stream7_IRQHandler
                0x080031cc                CAN2_TX_IRQHandler
                0x080031cc                TIM5_IRQHandler
                0x080031cc                DMA2_Stream7_IRQHandler
                0x080031cc                I2C3_EV_IRQHandler
                0x080031cc                EXTI9_5_IRQHandler
                0x080031cc                RTC_WKUP_IRQHandler
                0x080031cc                ETH_WKUP_IRQHandler
                0x080031cc                SPI2_IRQHandler
                0x080031cc                OTG_HS_EP1_IN_IRQHandler
                0x080031cc                DMA1_Stream0_IRQHandler
                0x080031cc                CAN1_TX_IRQHandler
                0x080031cc                EXTI4_IRQHandler
                0x080031cc                FSMC_IRQHandler
                0x080031cc                ETH_IRQHandler
                0x080031cc                OTG_HS_EP1_OUT_IRQHandler
                0x080031cc                WWDG_IRQHandler
                0x080031cc                TIM2_IRQHandler
                0x080031cc                OTG_FS_WKUP_IRQHandler
                0x080031cc                TIM1_TRG_COM_TIM11_IRQHandler
                0x080031cc                OTG_HS_IRQHandler
                0x080031cc                EXTI1_IRQHandler
                0x080031cc                USART2_IRQHandler
                0x080031cc                I2C2_ER_IRQHandler
                0x080031cc                DMA2_Stream1_IRQHandler
                0x080031cc                CAN1_SCE_IRQHandler
                0x080031cc                FLASH_IRQHandler
                0x080031cc                DMA2_Stream4_IRQHandler
                0x080031cc                USART1_IRQHandler
                0x080031cc                OTG_FS_IRQHandler
                0x080031cc                SPI3_IRQHandler
                0x080031cc                DMA1_Stream4_IRQHandler
                0x080031cc                I2C1_ER_IRQHandler
                0x080031cc                DMA2_Stream6_IRQHandler
                0x080031cc                DMA1_Stream3_IRQHandler
 *fill*         0x080031ce        0x2 
 .text.__errno  0x080031d0        0xc d:/ac6/systemworkbench/plugins/fr.ac6.mcu.externaltools.arm-none.win32_1.17.0.201812190825/tools/compiler/bin/../lib/gcc/arm-none-eabi/7.3.1/../../../../arm-none-eabi/lib/thumb/v7e-m/fpv4-sp/hard\libc_nano.a(lib_a-errno.o)
                0x080031d0                __errno
 .text.__libc_init_array
                0x080031dc       0x48 d:/ac6/systemworkbench/plugins/fr.ac6.mcu.externaltools.arm-none.win32_1.17.0.201812190825/tools/compiler/bin/../lib/gcc/arm-none-eabi/7.3.1/../../../../arm-none-eabi/lib/thumb/v7e-m/fpv4-sp/hard\libc_nano.a(lib_a-init.o)
                0x080031dc                __libc_init_array
 .text.malloc   0x08003224       0x10 d:/ac6/systemworkbench/plugins/fr.ac6.mcu.externaltools.arm-none.win32_1.17.0.201812190825/tools/compiler/bin/../lib/gcc/arm-none-eabi/7.3.1/../../../../arm-none-eabi/lib/thumb/v7e-m/fpv4-sp/hard\libc_nano.a(lib_a-malloc.o)
                0x08003224                malloc
 .text.free     0x08003234       0x10 d:/ac6/systemworkbench/plugins/fr.ac6.mcu.externaltools.arm-none.win32_1.17.0.201812190825/tools/compiler/bin/../lib/gcc/arm-none-eabi/7.3.1/../../../../arm-none-eabi/lib/thumb/v7e-m/fpv4-sp/hard\libc_nano.a(lib_a-malloc.o)
                0x08003234                free
 .text.memset   0x08003244       0x10 d:/ac6/systemworkbench/plugins/fr.ac6.mcu.externaltools.arm-none.win32_1.17.0.201812190825/tools/compiler/bin/../lib/gcc/arm-none-eabi/7.3.1/../../../../arm-none-eabi/lib/thumb/v7e-m/fpv4-sp/hard\libc_nano.a(lib_a-memset.o)
                0x08003244                memset
 .text._free_r  0x08003254       0x9c d:/ac6/systemworkbench/plugins/fr.ac6.mcu.externaltools.arm-none.win32_1.17.0.201812190825/tools/compiler/bin/../lib/gcc/arm-none-eabi/7.3.1/../../../../arm-none-eabi/lib/thumb/v7e-m/fpv4-sp/hard\libc_nano.a(lib_a-nano-freer.o)
                0x08003254                _free_r
 .text._malloc_r
                0x080032f0       0xb4 d:/ac6/systemworkbench/plugins/fr.ac6.mcu.externaltools.arm-none.win32_1.17.0.201812190825/tools/compiler/bin/../lib/gcc/arm-none-eabi/7.3.1/../../../../arm-none-eabi/lib/thumb/v7e-m/fpv4-sp/hard\libc_nano.a(lib_a-nano-mallocr.o)
                0x080032f0                _malloc_r
 .text._sbrk_r  0x080033a4       0x20 d:/ac6/systemworkbench/plugins/fr.ac6.mcu.externaltools.arm-none.win32_1.17.0.201812190825/tools/compiler/bin/../lib/gcc/arm-none-eabi/7.3.1/../../../../arm-none-eabi/lib/thumb/v7e-m/fpv4-sp/hard\libc_nano.a(lib_a-sbrkr.o)
                0x080033a4                _sbrk_r
 .text._vsnprintf_r
                0x080033c4       0x58 d:/ac6/systemworkbench/plugins/fr.ac6.mcu.externaltools.arm-none.win32_1.17.0.201812190825/tools/compiler/bin/../lib/gcc/arm-none-eabi/7.3.1/../../../../arm-none-eabi/lib/thumb/v7e-m/fpv4-sp/hard\libc_nano.a(lib_a-vsnprintf.o)
                0x080033c4                _vsniprintf_r
                0x080033c4                _vsnprintf_r
 .text.vsnprintf
                0x0800341c       0x1c d:/ac6/systemworkbench/plugins/fr.ac6.mcu.externaltools.arm-none.win32_1.17.0.201812190825/tools/compiler/bin/../lib/gcc/arm-none-eabi/7.3.1/../../../../arm-none-eabi/lib/thumb/v7e-m/fpv4-sp/hard\libc_nano.a(lib_a-vsnprintf.o)
                0x0800341c                vsniprintf
                0x0800341c                vsnprintf
 .text._vsprintf_r
                0x08003438       0x2c d:/ac6/systemworkbench/plugins/fr.ac6.mcu.externaltools.arm-none.win32_1.17.0.201812190825/tools/compiler/bin/../lib/gcc/arm-none-eabi/7.3.1/../../../../arm-none-eabi/lib/thumb/v7e-m/fpv4-sp/hard\libc_nano.a(lib_a-vsprintf.o)
                0x08003438                _vsprintf_r
                0x08003438                _vsiprintf_r
 .text.vsprintf
                0x08003464       0x14 d:/ac6/systemworkbench/plugins/fr.ac6.mcu.externaltools.arm-none.win32_1.17.0.201812190825/tools/compiler/bin/../lib/gcc/arm-none-eabi/7.3.1/../../../../arm-none-eabi/lib/thumb/v7e-m/fpv4-sp/hard\libc_nano.a(lib_a-vsprintf.o)
                0x08003464                vsiprintf
                0x08003464                vsprintf
 .text.__malloc_lock
                0x08003478        0x2 d:/ac6/systemworkbench/plugins/fr.ac6.mcu.externaltools.arm-none.win32_1.17.0.201812190825/tools/compiler/bin/../lib/gcc/arm-none-eabi/7.3.1/../../../../arm-none-eabi/lib/thumb/v7e-m/fpv4-sp/hard\libc_nano.a(lib_a-mlock.o)
                0x08003478                __malloc_lock
 .text.__malloc_unlock
                0x0800347a        0x2 d:/ac6/systemworkbench/plugins/fr.ac6.mcu.externaltools.arm-none.win32_1.17.0.201812190825/tools/compiler/bin/../lib/gcc/arm-none-eabi/7.3.1/../../../../arm-none-eabi/lib/thumb/v7e-m/fpv4-sp/hard\libc_nano.a(lib_a-mlock.o)
                0x0800347a                __malloc_unlock
 .text.__ssputs_r
                0x0800347c       0xb4 d:/ac6/systemworkbench/plugins/fr.ac6.mcu.externaltools.arm-none.win32_1.17.0.201812190825/tools/compiler/bin/../lib/gcc/arm-none-eabi/7.3.1/../../../../arm-none-eabi/lib/thumb/v7e-m/fpv4-sp/hard\libc_nano.a(lib_a-nano-svfprintf.o)
                0x0800347c                __ssputs_r
 .text._svfprintf_r
                0x08003530      0x1f0 d:/ac6/systemworkbench/plugins/fr.ac6.mcu.externaltools.arm-none.win32_1.17.0.201812190825/tools/compiler/bin/../lib/gcc/arm-none-eabi/7.3.1/../../../../arm-none-eabi/lib/thumb/v7e-m/fpv4-sp/hard\libc_nano.a(lib_a-nano-svfprintf.o)
                0x08003530                _svfiprintf_r
                0x08003530                _svfprintf_r
 .text._printf_common
                0x08003720       0xea d:/ac6/systemworkbench/plugins/fr.ac6.mcu.externaltools.arm-none.win32_1.17.0.201812190825/tools/compiler/bin/../lib/gcc/arm-none-eabi/7.3.1/../../../../arm-none-eabi/lib/thumb/v7e-m/fpv4-sp/hard\libc_nano.a(lib_a-nano-vfprintf_i.o)
                0x08003720                _printf_common
 *fill*         0x0800380a        0x2 
 .text._printf_i
                0x0800380c      0x224 d:/ac6/systemworkbench/plugins/fr.ac6.mcu.externaltools.arm-none.win32_1.17.0.201812190825/tools/compiler/bin/../lib/gcc/arm-none-eabi/7.3.1/../../../../arm-none-eabi/lib/thumb/v7e-m/fpv4-sp/hard\libc_nano.a(lib_a-nano-vfprintf_i.o)
                0x0800380c                _printf_i
 .text.memcpy   0x08003a30       0x16 d:/ac6/systemworkbench/plugins/fr.ac6.mcu.externaltools.arm-none.win32_1.17.0.201812190825/tools/compiler/bin/../lib/gcc/arm-none-eabi/7.3.1/../../../../arm-none-eabi/lib/thumb/v7e-m/fpv4-sp/hard\libc_nano.a(lib_a-memcpy-stub.o)
                0x08003a30                memcpy
 .text.memmove  0x08003a46       0x32 d:/ac6/systemworkbench/plugins/fr.ac6.mcu.externaltools.arm-none.win32_1.17.0.201812190825/tools/compiler/bin/../lib/gcc/arm-none-eabi/7.3.1/../../../../arm-none-eabi/lib/thumb/v7e-m/fpv4-sp/hard\libc_nano.a(lib_a-memmove.o)
                0x08003a46                memmove
 .text._realloc_r
                0x08003a78       0x4c d:/ac6/systemworkbench/plugins/fr.ac6.mcu.externaltools.arm-none.win32_1.17.0.201812190825/tools/compiler/bin/../lib/gcc/arm-none-eabi/7.3.1/../../../../arm-none-eabi/lib/thumb/v7e-m/fpv4-sp/hard\libc_nano.a(lib_a-nano-reallocr.o)
                0x08003a78                _realloc_r
 .text._malloc_usable_size_r
                0x08003ac4       0x10 d:/ac6/systemworkbench/plugins/fr.ac6.mcu.externaltools.arm-none.win32_1.17.0.201812190825/tools/compiler/bin/../lib/gcc/arm-none-eabi/7.3.1/../../../../arm-none-eabi/lib/thumb/v7e-m/fpv4-sp/hard\libc_nano.a(lib_a-nano-msizer.o)
                0x08003ac4                _malloc_usable_size_r
 *(.glue_7)
 .glue_7        0x08003ad4        0x0 linker stubs
 *(.glue_7t)
 .glue_7t       0x08003ad4        0x0 linker stubs
 *(.eh_frame)
 .eh_frame      0x08003ad4        0x0 d:/ac6/systemworkbench/plugins/fr.ac6.mcu.externaltools.arm-none.win32_1.17.0.201812190825/tools/compiler/bin/../lib/gcc/arm-none-eabi/7.3.1/thumb/v7e-m/fpv4-sp/hard/crtbegin.o
 *(.init)
 .init          0x08003ad4        0x4 d:/ac6/systemworkbench/plugins/fr.ac6.mcu.externaltools.arm-none.win32_1.17.0.201812190825/tools/compiler/bin/../lib/gcc/arm-none-eabi/7.3.1/thumb/v7e-m/fpv4-sp/hard/crti.o
                0x08003ad4                _init
 .init          0x08003ad8        0x8 d:/ac6/systemworkbench/plugins/fr.ac6.mcu.externaltools.arm-none.win32_1.17.0.201812190825/tools/compiler/bin/../lib/gcc/arm-none-eabi/7.3.1/thumb/v7e-m/fpv4-sp/hard/crtn.o
 *(.fini)
 .fini          0x08003ae0        0x4 d:/ac6/systemworkbench/plugins/fr.ac6.mcu.externaltools.arm-none.win32_1.17.0.201812190825/tools/compiler/bin/../lib/gcc/arm-none-eabi/7.3.1/thumb/v7e-m/fpv4-sp/hard/crti.o
                0x08003ae0                _fini
 .fini          0x08003ae4        0x8 d:/ac6/systemworkbench/plugins/fr.ac6.mcu.externaltools.arm-none.win32_1.17.0.201812190825/tools/compiler/bin/../lib/gcc/arm-none-eabi/7.3.1/thumb/v7e-m/fpv4-sp/hard/crtn.o
                0x08003aec                . = ALIGN (0x4)
                0x08003aec                _etext = .

.vfp11_veneer   0x08003aec        0x0
 .vfp11_veneer  0x08003aec        0x0 linker stubs

.v4_bx          0x08003aec        0x0
 .v4_bx         0x08003aec        0x0 linker stubs

.iplt           0x08003aec        0x0
 .iplt          0x08003aec        0x0 d:/ac6/systemworkbench/plugins/fr.ac6.mcu.externaltools.arm-none.win32_1.17.0.201812190825/tools/compiler/bin/../lib/gcc/arm-none-eabi/7.3.1/thumb/v7e-m/fpv4-sp/hard/crtbegin.o

.rodata         0x08003aec       0x60
                0x08003aec                . = ALIGN (0x4)
 *(.rodata)
 .rodata        0x08003aec       0x18 Core/Src/system_stm32f4xx.o
                0x08003aec                AHBPrescTable
                0x08003afc                APBPrescTable
 *(.rodata*)
 .rodata.str1.4
                0x08003b04       0x14 Core/Src/main.o
                                 0x12 (size before relaxing)
 .rodata._svfprintf_r.str1.1
                0x08003b18       0x11 d:/ac6/systemworkbench/plugins/fr.ac6.mcu.externaltools.arm-none.win32_1.17.0.201812190825/tools/compiler/bin/../lib/gcc/arm-none-eabi/7.3.1/../../../../arm-none-eabi/lib/thumb/v7e-m/fpv4-sp/hard\libc_nano.a(lib_a-nano-svfprintf.o)
 .rodata._printf_i.str1.1
                0x08003b29       0x22 d:/ac6/systemworkbench/plugins/fr.ac6.mcu.externaltools.arm-none.win32_1.17.0.201812190825/tools/compiler/bin/../lib/gcc/arm-none-eabi/7.3.1/../../../../arm-none-eabi/lib/thumb/v7e-m/fpv4-sp/hard\libc_nano.a(lib_a-nano-vfprintf_i.o)
                0x08003b4c                . = ALIGN (0x4)
 *fill*         0x08003b4b        0x1 

.ARM.extab
 *(.ARM.extab* .gnu.linkonce.armextab.*)

.ARM            0x08003b4c        0x8
                0x08003b4c                __exidx_start = .
 *(.ARM.exidx*)
 .ARM.exidx     0x08003b4c        0x8 d:/ac6/systemworkbench/plugins/fr.ac6.mcu.externaltools.arm-none.win32_1.17.0.201812190825/tools/compiler/bin/../lib/gcc/arm-none-eabi/7.3.1/thumb/v7e-m/fpv4-sp/hard\libgcc.a(_udivmoddi4.o)
                0x08003b54                __exidx_end = .

.rel.dyn        0x08003b54        0x0
 .rel.iplt      0x08003b54        0x0 d:/ac6/systemworkbench/plugins/fr.ac6.mcu.externaltools.arm-none.win32_1.17.0.201812190825/tools/compiler/bin/../lib/gcc/arm-none-eabi/7.3.1/thumb/v7e-m/fpv4-sp/hard/crtbegin.o

.preinit_array  0x08003b54        0x0
                0x08003b54                PROVIDE (__preinit_array_start = .)
 *(.preinit_array*)
                0x08003b54                PROVIDE (__preinit_array_end = .)

.init_array     0x08003b54        0x4
                0x08003b54                PROVIDE (__init_array_start = .)
 *(SORT_BY_NAME(.init_array.*))
 *(.init_array*)
 .init_array    0x08003b54        0x4 d:/ac6/systemworkbench/plugins/fr.ac6.mcu.externaltools.arm-none.win32_1.17.0.201812190825/tools/compiler/bin/../lib/gcc/arm-none-eabi/7.3.1/thumb/v7e-m/fpv4-sp/hard/crtbegin.o
                0x08003b58                PROVIDE (__init_array_end = .)

.fini_array     0x08003b58        0x4
                [!provide]                PROVIDE (__fini_array_start = .)
 *(SORT_BY_NAME(.fini_array.*))
 *(.fini_array*)
 .fini_array    0x08003b58        0x4 d:/ac6/systemworkbench/plugins/fr.ac6.mcu.externaltools.arm-none.win32_1.17.0.201812190825/tools/compiler/bin/../lib/gcc/arm-none-eabi/7.3.1/thumb/v7e-m/fpv4-sp/hard/crtbegin.o
                [!provide]                PROVIDE (__fini_array_end = .)
                0x08003b5c                _sidata = LOADADDR (.data)

.data           0x20000000       0x74 load address 0x08003b5c
                0x20000000                . = ALIGN (0x4)
                0x20000000                _sdata = .
 *(.data)
 .data          0x20000000        0x4 Core/Src/stm32f4_easy_can.o
 .data          0x20000004        0x4 Core/Src/system_stm32f4xx.o
                0x20000004                SystemCoreClock
 .data          0x20000008        0x8 Drivers/STM32F4xx_HAL_Driver/Src/stm32f4xx_hal.o
                0x20000008                uwTickFreq
                0x2000000c                uwTickPrio
 *(.data*)
 .data._impure_ptr
                0x20000010        0x4 d:/ac6/systemworkbench/plugins/fr.ac6.mcu.externaltools.arm-none.win32_1.17.0.201812190825/tools/compiler/bin/../lib/gcc/arm-none-eabi/7.3.1/../../../../arm-none-eabi/lib/thumb/v7e-m/fpv4-sp/hard\libc_nano.a(lib_a-impure.o)
                0x20000010                _impure_ptr
 .data.impure_data
                0x20000014       0x60 d:/ac6/systemworkbench/plugins/fr.ac6.mcu.externaltools.arm-none.win32_1.17.0.201812190825/tools/compiler/bin/../lib/gcc/arm-none-eabi/7.3.1/../../../../arm-none-eabi/lib/thumb/v7e-m/fpv4-sp/hard\libc_nano.a(lib_a-impure.o)
                0x20000074                . = ALIGN (0x4)
                0x20000074                _edata = .
                0x08003bd0                _siccmram = LOADADDR (.ccmram)

.igot.plt       0x20000074        0x0 load address 0x08003bd0
 .igot.plt      0x20000074        0x0 d:/ac6/systemworkbench/plugins/fr.ac6.mcu.externaltools.arm-none.win32_1.17.0.201812190825/tools/compiler/bin/../lib/gcc/arm-none-eabi/7.3.1/thumb/v7e-m/fpv4-sp/hard/crtbegin.o

.ccmram         0x10000000        0x0 load address 0x08003bd0
                0x10000000                . = ALIGN (0x4)
                0x10000000                _sccmram = .
 *(.ccmram)
 *(.ccmram*)
                0x10000000                . = ALIGN (0x4)
                0x10000000                _eccmram = .
                0x10000000                . = ALIGN (0x4)

.bss            0x20000074      0x240
                0x20000074                _sbss = .
                0x20000074                __bss_start__ = _sbss
 *(.bss)
 .bss           0x20000074       0x1c d:/ac6/systemworkbench/plugins/fr.ac6.mcu.externaltools.arm-none.win32_1.17.0.201812190825/tools/compiler/bin/../lib/gcc/arm-none-eabi/7.3.1/thumb/v7e-m/fpv4-sp/hard/crtbegin.o
 .bss           0x20000090       0x34 Core/Src/canmd_controller.o
 .bss           0x200000c4       0x20 Core/Src/main.o
                0x200000cc                ST04
                0x200000d0                ST_motor_state
                0x200000d4                mode
                0x200000d8                stop
                0x200000dc                x
                0x200000e0                i
 .bss           0x200000e4       0x2c Core/Src/ps3.o
 .bss           0x20000110       0x14 Core/Src/stm32f4_easy_can.o
 .bss           0x20000124        0x4 Core/Src/stm32f4_printf.o
 .bss           0x20000128        0x8 Core/Src/syscalls.o
                0x2000012c                __env
 *(.bss*)
 .bss.__malloc_free_list
                0x20000130        0x4 d:/ac6/systemworkbench/plugins/fr.ac6.mcu.externaltools.arm-none.win32_1.17.0.201812190825/tools/compiler/bin/../lib/gcc/arm-none-eabi/7.3.1/../../../../arm-none-eabi/lib/thumb/v7e-m/fpv4-sp/hard\libc_nano.a(lib_a-nano-mallocr.o)
                0x20000130                __malloc_free_list
 .bss.__malloc_sbrk_start
                0x20000134        0x4 d:/ac6/systemworkbench/plugins/fr.ac6.mcu.externaltools.arm-none.win32_1.17.0.201812190825/tools/compiler/bin/../lib/gcc/arm-none-eabi/7.3.1/../../../../arm-none-eabi/lib/thumb/v7e-m/fpv4-sp/hard\libc_nano.a(lib_a-nano-mallocr.o)
                0x20000134                __malloc_sbrk_start
 *(COMMON)
 COMMON         0x20000138       0x28 Core/Src/can.o
                0x20000138                hcan1
 COMMON         0x20000160        0xc Core/Src/main.o
                0x20000160                ST02
                0x20000164                ST03
                0x20000168                ST01
 COMMON         0x2000016c       0xc0 Core/Src/tim.o
                0x2000016c                htim4
                0x200001ac                htim6
                0x200001ec                htim7
 COMMON         0x2000022c       0x80 Core/Src/usart.o
                0x2000022c                huart5
                0x2000026c                huart4
 COMMON         0x200002ac        0x4 Drivers/STM32F4xx_HAL_Driver/Src/stm32f4xx_hal.o
                0x200002ac                uwTick
 COMMON         0x200002b0        0x4 d:/ac6/systemworkbench/plugins/fr.ac6.mcu.externaltools.arm-none.win32_1.17.0.201812190825/tools/compiler/bin/../lib/gcc/arm-none-eabi/7.3.1/../../../../arm-none-eabi/lib/thumb/v7e-m/fpv4-sp/hard\libc_nano.a(lib_a-reent.o)
                0x200002b0                errno
                0x200002b4                . = ALIGN (0x4)
                0x200002b4                _ebss = .
                0x200002b4                __bss_end__ = _ebss

._user_heap_stack
                0x200002b4      0x604
                0x200002b8                . = ALIGN (0x8)
 *fill*         0x200002b4        0x4 
                0x200002b8                PROVIDE (end = .)
                [!provide]                PROVIDE (_end = .)
                0x200004b8                . = (. + _Min_Heap_Size)
 *fill*         0x200002b8      0x200 
                0x200008b8                . = (. + _Min_Stack_Size)
 *fill*         0x200004b8      0x400 
                0x200008b8                . = ALIGN (0x8)

/DISCARD/
 libc.a(*)
 libm.a(*)
 libgcc.a(*)

.ARM.attributes
                0x00000000       0x30
 *(.ARM.attributes)
 .ARM.attributes
                0x00000000       0x22 d:/ac6/systemworkbench/plugins/fr.ac6.mcu.externaltools.arm-none.win32_1.17.0.201812190825/tools/compiler/bin/../lib/gcc/arm-none-eabi/7.3.1/thumb/v7e-m/fpv4-sp/hard/crti.o
 .ARM.attributes
                0x00000022       0x34 d:/ac6/systemworkbench/plugins/fr.ac6.mcu.externaltools.arm-none.win32_1.17.0.201812190825/tools/compiler/bin/../lib/gcc/arm-none-eabi/7.3.1/thumb/v7e-m/fpv4-sp/hard/crtbegin.o
 .ARM.attributes
                0x00000056       0x39 Core/Src/can.o
 .ARM.attributes
                0x0000008f       0x39 Core/Src/canmd_controller.o
 .ARM.attributes
                0x000000c8       0x39 Core/Src/gpio.o
 .ARM.attributes
                0x00000101       0x39 Core/Src/main.o
 .ARM.attributes
                0x0000013a       0x39 Core/Src/ps3.o
 .ARM.attributes
                0x00000173       0x39 Core/Src/stm32f4_easy_can.o
 .ARM.attributes
                0x000001ac       0x39 Core/Src/stm32f4_printf.o
 .ARM.attributes
                0x000001e5       0x39 Core/Src/stm32f4xx_hal_msp.o
 .ARM.attributes
                0x0000021e       0x39 Core/Src/stm32f4xx_it.o
 .ARM.attributes
                0x00000257       0x39 Core/Src/syscalls.o
 .ARM.attributes
                0x00000290       0x39 Core/Src/system_stm32f4xx.o
 .ARM.attributes
                0x000002c9       0x39 Core/Src/tim.o
 .ARM.attributes
                0x00000302       0x39 Core/Src/usart.o
 .ARM.attributes
                0x0000033b       0x39 Drivers/STM32F4xx_HAL_Driver/Src/stm32f4xx_hal.o
 .ARM.attributes
                0x00000374       0x39 Drivers/STM32F4xx_HAL_Driver/Src/stm32f4xx_hal_can.o
 .ARM.attributes
                0x000003ad       0x39 Drivers/STM32F4xx_HAL_Driver/Src/stm32f4xx_hal_cortex.o
 .ARM.attributes
                0x000003e6       0x39 Drivers/STM32F4xx_HAL_Driver/Src/stm32f4xx_hal_dma.o
 .ARM.attributes
                0x0000041f       0x39 Drivers/STM32F4xx_HAL_Driver/Src/stm32f4xx_hal_gpio.o
 .ARM.attributes
                0x00000458       0x39 Drivers/STM32F4xx_HAL_Driver/Src/stm32f4xx_hal_rcc.o
 .ARM.attributes
                0x00000491       0x39 Drivers/STM32F4xx_HAL_Driver/Src/stm32f4xx_hal_tim.o
 .ARM.attributes
                0x000004ca       0x39 Drivers/STM32F4xx_HAL_Driver/Src/stm32f4xx_hal_tim_ex.o
 .ARM.attributes
                0x00000503       0x39 Drivers/STM32F4xx_HAL_Driver/Src/stm32f4xx_hal_uart.o
 .ARM.attributes
                0x0000053c       0x21 startup/startup_stm32f407xx.o
 .ARM.attributes
                0x0000055d       0x22 d:/ac6/systemworkbench/plugins/fr.ac6.mcu.externaltools.arm-none.win32_1.17.0.201812190825/tools/compiler/bin/../lib/gcc/arm-none-eabi/7.3.1/thumb/v7e-m/fpv4-sp/hard\libgcc.a(_aeabi_uldivmod.o)
 .ARM.attributes
                0x0000057f       0x34 d:/ac6/systemworkbench/plugins/fr.ac6.mcu.externaltools.arm-none.win32_1.17.0.201812190825/tools/compiler/bin/../lib/gcc/arm-none-eabi/7.3.1/thumb/v7e-m/fpv4-sp/hard\libgcc.a(_udivmoddi4.o)
 .ARM.attributes
                0x000005b3       0x22 d:/ac6/systemworkbench/plugins/fr.ac6.mcu.externaltools.arm-none.win32_1.17.0.201812190825/tools/compiler/bin/../lib/gcc/arm-none-eabi/7.3.1/thumb/v7e-m/fpv4-sp/hard\libgcc.a(_dvmd_tls.o)
 .ARM.attributes
                0x000005d5       0x34 d:/ac6/systemworkbench/plugins/fr.ac6.mcu.externaltools.arm-none.win32_1.17.0.201812190825/tools/compiler/bin/../lib/gcc/arm-none-eabi/7.3.1/../../../../arm-none-eabi/lib/thumb/v7e-m/fpv4-sp/hard\libc_nano.a(lib_a-errno.o)
 .ARM.attributes
                0x00000609       0x34 d:/ac6/systemworkbench/plugins/fr.ac6.mcu.externaltools.arm-none.win32_1.17.0.201812190825/tools/compiler/bin/../lib/gcc/arm-none-eabi/7.3.1/../../../../arm-none-eabi/lib/thumb/v7e-m/fpv4-sp/hard\libc_nano.a(lib_a-impure.o)
 .ARM.attributes
                0x0000063d       0x34 d:/ac6/systemworkbench/plugins/fr.ac6.mcu.externaltools.arm-none.win32_1.17.0.201812190825/tools/compiler/bin/../lib/gcc/arm-none-eabi/7.3.1/../../../../arm-none-eabi/lib/thumb/v7e-m/fpv4-sp/hard\libc_nano.a(lib_a-init.o)
 .ARM.attributes
                0x00000671       0x34 d:/ac6/systemworkbench/plugins/fr.ac6.mcu.externaltools.arm-none.win32_1.17.0.201812190825/tools/compiler/bin/../lib/gcc/arm-none-eabi/7.3.1/../../../../arm-none-eabi/lib/thumb/v7e-m/fpv4-sp/hard\libc_nano.a(lib_a-malloc.o)
 .ARM.attributes
                0x000006a5       0x34 d:/ac6/systemworkbench/plugins/fr.ac6.mcu.externaltools.arm-none.win32_1.17.0.201812190825/tools/compiler/bin/../lib/gcc/arm-none-eabi/7.3.1/../../../../arm-none-eabi/lib/thumb/v7e-m/fpv4-sp/hard\libc_nano.a(lib_a-memset.o)
 .ARM.attributes
                0x000006d9       0x34 d:/ac6/systemworkbench/plugins/fr.ac6.mcu.externaltools.arm-none.win32_1.17.0.201812190825/tools/compiler/bin/../lib/gcc/arm-none-eabi/7.3.1/../../../../arm-none-eabi/lib/thumb/v7e-m/fpv4-sp/hard\libc_nano.a(lib_a-nano-freer.o)
 .ARM.attributes
                0x0000070d       0x34 d:/ac6/systemworkbench/plugins/fr.ac6.mcu.externaltools.arm-none.win32_1.17.0.201812190825/tools/compiler/bin/../lib/gcc/arm-none-eabi/7.3.1/../../../../arm-none-eabi/lib/thumb/v7e-m/fpv4-sp/hard\libc_nano.a(lib_a-nano-mallocr.o)
 .ARM.attributes
                0x00000741       0x34 d:/ac6/systemworkbench/plugins/fr.ac6.mcu.externaltools.arm-none.win32_1.17.0.201812190825/tools/compiler/bin/../lib/gcc/arm-none-eabi/7.3.1/../../../../arm-none-eabi/lib/thumb/v7e-m/fpv4-sp/hard\libc_nano.a(lib_a-sbrkr.o)
 .ARM.attributes
                0x00000775       0x34 d:/ac6/systemworkbench/plugins/fr.ac6.mcu.externaltools.arm-none.win32_1.17.0.201812190825/tools/compiler/bin/../lib/gcc/arm-none-eabi/7.3.1/../../../../arm-none-eabi/lib/thumb/v7e-m/fpv4-sp/hard\libc_nano.a(lib_a-vsnprintf.o)
 .ARM.attributes
                0x000007a9       0x34 d:/ac6/systemworkbench/plugins/fr.ac6.mcu.externaltools.arm-none.win32_1.17.0.201812190825/tools/compiler/bin/../lib/gcc/arm-none-eabi/7.3.1/../../../../arm-none-eabi/lib/thumb/v7e-m/fpv4-sp/hard\libc_nano.a(lib_a-vsprintf.o)
 .ARM.attributes
                0x000007dd       0x34 d:/ac6/systemworkbench/plugins/fr.ac6.mcu.externaltools.arm-none.win32_1.17.0.201812190825/tools/compiler/bin/../lib/gcc/arm-none-eabi/7.3.1/../../../../arm-none-eabi/lib/thumb/v7e-m/fpv4-sp/hard\libc_nano.a(lib_a-mlock.o)
 .ARM.attributes
                0x00000811       0x34 d:/ac6/systemworkbench/plugins/fr.ac6.mcu.externaltools.arm-none.win32_1.17.0.201812190825/tools/compiler/bin/../lib/gcc/arm-none-eabi/7.3.1/../../../../arm-none-eabi/lib/thumb/v7e-m/fpv4-sp/hard\libc_nano.a(lib_a-nano-svfprintf.o)
 .ARM.attributes
                0x00000845       0x34 d:/ac6/systemworkbench/plugins/fr.ac6.mcu.externaltools.arm-none.win32_1.17.0.201812190825/tools/compiler/bin/../lib/gcc/arm-none-eabi/7.3.1/../../../../arm-none-eabi/lib/thumb/v7e-m/fpv4-sp/hard\libc_nano.a(lib_a-nano-vfprintf_i.o)
 .ARM.attributes
                0x00000879       0x34 d:/ac6/systemworkbench/plugins/fr.ac6.mcu.externaltools.arm-none.win32_1.17.0.201812190825/tools/compiler/bin/../lib/gcc/arm-none-eabi/7.3.1/../../../../arm-none-eabi/lib/thumb/v7e-m/fpv4-sp/hard\libc_nano.a(lib_a-reent.o)
 .ARM.attributes
                0x000008ad       0x20 d:/ac6/systemworkbench/plugins/fr.ac6.mcu.externaltools.arm-none.win32_1.17.0.201812190825/tools/compiler/bin/../lib/gcc/arm-none-eabi/7.3.1/../../../../arm-none-eabi/lib/thumb/v7e-m/fpv4-sp/hard\libc_nano.a(lib_a-memchr.o)
 .ARM.attributes
                0x000008cd       0x34 d:/ac6/systemworkbench/plugins/fr.ac6.mcu.externaltools.arm-none.win32_1.17.0.201812190825/tools/compiler/bin/../lib/gcc/arm-none-eabi/7.3.1/../../../../arm-none-eabi/lib/thumb/v7e-m/fpv4-sp/hard\libc_nano.a(lib_a-memcpy-stub.o)
 .ARM.attributes
                0x00000901       0x34 d:/ac6/systemworkbench/plugins/fr.ac6.mcu.externaltools.arm-none.win32_1.17.0.201812190825/tools/compiler/bin/../lib/gcc/arm-none-eabi/7.3.1/../../../../arm-none-eabi/lib/thumb/v7e-m/fpv4-sp/hard\libc_nano.a(lib_a-memmove.o)
 .ARM.attributes
                0x00000935       0x34 d:/ac6/systemworkbench/plugins/fr.ac6.mcu.externaltools.arm-none.win32_1.17.0.201812190825/tools/compiler/bin/../lib/gcc/arm-none-eabi/7.3.1/../../../../arm-none-eabi/lib/thumb/v7e-m/fpv4-sp/hard\libc_nano.a(lib_a-nano-reallocr.o)
 .ARM.attributes
                0x00000969       0x34 d:/ac6/systemworkbench/plugins/fr.ac6.mcu.externaltools.arm-none.win32_1.17.0.201812190825/tools/compiler/bin/../lib/gcc/arm-none-eabi/7.3.1/../../../../arm-none-eabi/lib/thumb/v7e-m/fpv4-sp/hard\libc_nano.a(lib_a-nano-msizer.o)
 .ARM.attributes
                0x0000099d       0x22 d:/ac6/systemworkbench/plugins/fr.ac6.mcu.externaltools.arm-none.win32_1.17.0.201812190825/tools/compiler/bin/../lib/gcc/arm-none-eabi/7.3.1/thumb/v7e-m/fpv4-sp/hard/crtn.o
OUTPUT(NHK_02.elf elf32-littlearm)

.debug_info     0x00000000    0x13ba8
 .debug_info    0x00000000      0xbb6 Core/Src/can.o
 .debug_info    0x00000bb6      0x323 Core/Src/canmd_controller.o
 .debug_info    0x00000ed9      0x592 Core/Src/gpio.o
 .debug_info    0x0000146b     0x240a Core/Src/main.o
 .debug_info    0x00003875      0x272 Core/Src/ps3.o
 .debug_info    0x00003ae7      0x92e Core/Src/stm32f4_easy_can.o
 .debug_info    0x00004415      0xfbe Core/Src/stm32f4_printf.o
 .debug_info    0x000053d3      0x362 Core/Src/stm32f4xx_hal_msp.o
 .debug_info    0x00005735      0xdb4 Core/Src/stm32f4xx_it.o
 .debug_info    0x000064e9      0xfd3 Core/Src/syscalls.o
 .debug_info    0x000074bc      0x559 Core/Src/system_stm32f4xx.o
 .debug_info    0x00007a15      0xe13 Core/Src/tim.o
 .debug_info    0x00008828      0xdc3 Core/Src/usart.o
 .debug_info    0x000095eb      0x9f1 Drivers/STM32F4xx_HAL_Driver/Src/stm32f4xx_hal.o
 .debug_info    0x00009fdc     0x113a Drivers/STM32F4xx_HAL_Driver/Src/stm32f4xx_hal_can.o
 .debug_info    0x0000b116      0xf8c Drivers/STM32F4xx_HAL_Driver/Src/stm32f4xx_hal_cortex.o
 .debug_info    0x0000c0a2      0xaad Drivers/STM32F4xx_HAL_Driver/Src/stm32f4xx_hal_dma.o
 .debug_info    0x0000cb4f      0x7c2 Drivers/STM32F4xx_HAL_Driver/Src/stm32f4xx_hal_gpio.o
 .debug_info    0x0000d311      0xa94 Drivers/STM32F4xx_HAL_Driver/Src/stm32f4xx_hal_rcc.o
 .debug_info    0x0000dda5     0x31db Drivers/STM32F4xx_HAL_Driver/Src/stm32f4xx_hal_tim.o
 .debug_info    0x00010f80     0x14e9 Drivers/STM32F4xx_HAL_Driver/Src/stm32f4xx_hal_tim_ex.o
 .debug_info    0x00012469     0x171d Drivers/STM32F4xx_HAL_Driver/Src/stm32f4xx_hal_uart.o
 .debug_info    0x00013b86       0x22 startup/startup_stm32f407xx.o

.debug_abbrev   0x00000000     0x2e11
 .debug_abbrev  0x00000000      0x1e6 Core/Src/can.o
 .debug_abbrev  0x000001e6      0x18b Core/Src/canmd_controller.o
 .debug_abbrev  0x00000371      0x162 Core/Src/gpio.o
 .debug_abbrev  0x000004d3      0x3bd Core/Src/main.o
 .debug_abbrev  0x00000890      0x11c Core/Src/ps3.o
 .debug_abbrev  0x000009ac      0x202 Core/Src/stm32f4_easy_can.o
 .debug_abbrev  0x00000bae      0x28e Core/Src/stm32f4_printf.o
 .debug_abbrev  0x00000e3c      0x109 Core/Src/stm32f4xx_hal_msp.o
 .debug_abbrev  0x00000f45      0x1dd Core/Src/stm32f4xx_it.o
 .debug_abbrev  0x00001122      0x2d4 Core/Src/syscalls.o
 .debug_abbrev  0x000013f6      0x12b Core/Src/system_stm32f4xx.o
 .debug_abbrev  0x00001521      0x1d4 Core/Src/tim.o
 .debug_abbrev  0x000016f5      0x1d2 Core/Src/usart.o
 .debug_abbrev  0x000018c7      0x1ed Drivers/STM32F4xx_HAL_Driver/Src/stm32f4xx_hal.o
 .debug_abbrev  0x00001ab4      0x254 Drivers/STM32F4xx_HAL_Driver/Src/stm32f4xx_hal_can.o
 .debug_abbrev  0x00001d08      0x328 Drivers/STM32F4xx_HAL_Driver/Src/stm32f4xx_hal_cortex.o
 .debug_abbrev  0x00002030      0x290 Drivers/STM32F4xx_HAL_Driver/Src/stm32f4xx_hal_dma.o
 .debug_abbrev  0x000022c0      0x1e7 Drivers/STM32F4xx_HAL_Driver/Src/stm32f4xx_hal_gpio.o
 .debug_abbrev  0x000024a7      0x273 Drivers/STM32F4xx_HAL_Driver/Src/stm32f4xx_hal_rcc.o
 .debug_abbrev  0x0000271a      0x226 Drivers/STM32F4xx_HAL_Driver/Src/stm32f4xx_hal_tim.o
 .debug_abbrev  0x00002940      0x237 Drivers/STM32F4xx_HAL_Driver/Src/stm32f4xx_hal_tim_ex.o
 .debug_abbrev  0x00002b77      0x288 Drivers/STM32F4xx_HAL_Driver/Src/stm32f4xx_hal_uart.o
 .debug_abbrev  0x00002dff       0x12 startup/startup_stm32f407xx.o

.debug_loc      0x00000000     0x957a
 .debug_loc     0x00000000       0x74 Core/Src/can.o
 .debug_loc     0x00000074      0x2c2 Core/Src/canmd_controller.o
 .debug_loc     0x00000336      0x1d5 Core/Src/main.o
 .debug_loc     0x0000050b      0x10f Core/Src/ps3.o
 .debug_loc     0x0000061a      0x1a8 Core/Src/stm32f4_easy_can.o
 .debug_loc     0x000007c2       0x89 Core/Src/stm32f4_printf.o
 .debug_loc     0x0000084b      0x3af Core/Src/syscalls.o
 .debug_loc     0x00000bfa      0x13e Core/Src/system_stm32f4xx.o
 .debug_loc     0x00000d38       0xd8 Core/Src/tim.o
 .debug_loc     0x00000e10       0xa6 Core/Src/usart.o
 .debug_loc     0x00000eb6      0x11b Drivers/STM32F4xx_HAL_Driver/Src/stm32f4xx_hal.o
 .debug_loc     0x00000fd1      0xc47 Drivers/STM32F4xx_HAL_Driver/Src/stm32f4xx_hal_can.o
 .debug_loc     0x00001c18      0x5ce Drivers/STM32F4xx_HAL_Driver/Src/stm32f4xx_hal_cortex.o
 .debug_loc     0x000021e6      0xb4e Drivers/STM32F4xx_HAL_Driver/Src/stm32f4xx_hal_dma.o
 .debug_loc     0x00002d34      0x476 Drivers/STM32F4xx_HAL_Driver/Src/stm32f4xx_hal_gpio.o
 .debug_loc     0x000031aa      0x40f Drivers/STM32F4xx_HAL_Driver/Src/stm32f4xx_hal_rcc.o
 .debug_loc     0x000035b9     0x3888 Drivers/STM32F4xx_HAL_Driver/Src/stm32f4xx_hal_tim.o
 .debug_loc     0x00006e41     0x11a0 Drivers/STM32F4xx_HAL_Driver/Src/stm32f4xx_hal_tim_ex.o
 .debug_loc     0x00007fe1     0x1599 Drivers/STM32F4xx_HAL_Driver/Src/stm32f4xx_hal_uart.o

.debug_aranges  0x00000000      0xed8
 .debug_aranges
                0x00000000       0x30 Core/Src/can.o
 .debug_aranges
                0x00000030       0x58 Core/Src/canmd_controller.o
 .debug_aranges
                0x00000088       0x20 Core/Src/gpio.o
 .debug_aranges
                0x000000a8       0x50 Core/Src/main.o
 .debug_aranges
                0x000000f8       0x40 Core/Src/ps3.o
 .debug_aranges
                0x00000138       0x40 Core/Src/stm32f4_easy_can.o
 .debug_aranges
                0x00000178       0x30 Core/Src/stm32f4_printf.o
 .debug_aranges
                0x000001a8       0x20 Core/Src/stm32f4xx_hal_msp.o
 .debug_aranges
                0x000001c8       0x90 Core/Src/stm32f4xx_it.o
 .debug_aranges
                0x00000258       0xb0 Core/Src/syscalls.o
 .debug_aranges
                0x00000308       0x28 Core/Src/system_stm32f4xx.o
 .debug_aranges
                0x00000330       0x40 Core/Src/tim.o
 .debug_aranges
                0x00000370       0x38 Core/Src/usart.o
 .debug_aranges
                0x000003a8       0xf0 Drivers/STM32F4xx_HAL_Driver/Src/stm32f4xx_hal.o
 .debug_aranges
                0x00000498      0x138 Drivers/STM32F4xx_HAL_Driver/Src/stm32f4xx_hal_can.o
 .debug_aranges
                0x000005d0       0xa8 Drivers/STM32F4xx_HAL_Driver/Src/stm32f4xx_hal_cortex.o
 .debug_aranges
                0x00000678       0x90 Drivers/STM32F4xx_HAL_Driver/Src/stm32f4xx_hal_dma.o
 .debug_aranges
                0x00000708       0x58 Drivers/STM32F4xx_HAL_Driver/Src/stm32f4xx_hal_gpio.o
 .debug_aranges
                0x00000760       0x88 Drivers/STM32F4xx_HAL_Driver/Src/stm32f4xx_hal_rcc.o
 .debug_aranges
                0x000007e8      0x3a8 Drivers/STM32F4xx_HAL_Driver/Src/stm32f4xx_hal_tim.o
 .debug_aranges
                0x00000b90      0x150 Drivers/STM32F4xx_HAL_Driver/Src/stm32f4xx_hal_tim_ex.o
 .debug_aranges
                0x00000ce0      0x1d0 Drivers/STM32F4xx_HAL_Driver/Src/stm32f4xx_hal_uart.o
 .debug_aranges
                0x00000eb0       0x28 startup/startup_stm32f407xx.o

.debug_ranges   0x00000000      0xe00
 .debug_ranges  0x00000000       0x20 Core/Src/can.o
 .debug_ranges  0x00000020       0x48 Core/Src/canmd_controller.o
 .debug_ranges  0x00000068       0x10 Core/Src/gpio.o
 .debug_ranges  0x00000078       0x58 Core/Src/main.o
 .debug_ranges  0x000000d0       0x30 Core/Src/ps3.o
 .debug_ranges  0x00000100       0x30 Core/Src/stm32f4_easy_can.o
 .debug_ranges  0x00000130       0x20 Core/Src/stm32f4_printf.o
 .debug_ranges  0x00000150       0x10 Core/Src/stm32f4xx_hal_msp.o
 .debug_ranges  0x00000160       0x80 Core/Src/stm32f4xx_it.o
 .debug_ranges  0x000001e0       0xa0 Core/Src/syscalls.o
 .debug_ranges  0x00000280       0x18 Core/Src/system_stm32f4xx.o
 .debug_ranges  0x00000298       0x30 Core/Src/tim.o
 .debug_ranges  0x000002c8       0x28 Core/Src/usart.o
 .debug_ranges  0x000002f0       0xe0 Drivers/STM32F4xx_HAL_Driver/Src/stm32f4xx_hal.o
 .debug_ranges  0x000003d0      0x128 Drivers/STM32F4xx_HAL_Driver/Src/stm32f4xx_hal_can.o
 .debug_ranges  0x000004f8       0xf8 Drivers/STM32F4xx_HAL_Driver/Src/stm32f4xx_hal_cortex.o
 .debug_ranges  0x000005f0       0x80 Drivers/STM32F4xx_HAL_Driver/Src/stm32f4xx_hal_dma.o
 .debug_ranges  0x00000670       0x48 Drivers/STM32F4xx_HAL_Driver/Src/stm32f4xx_hal_gpio.o
 .debug_ranges  0x000006b8       0x90 Drivers/STM32F4xx_HAL_Driver/Src/stm32f4xx_hal_rcc.o
 .debug_ranges  0x00000748      0x398 Drivers/STM32F4xx_HAL_Driver/Src/stm32f4xx_hal_tim.o
 .debug_ranges  0x00000ae0      0x140 Drivers/STM32F4xx_HAL_Driver/Src/stm32f4xx_hal_tim_ex.o
 .debug_ranges  0x00000c20      0x1c0 Drivers/STM32F4xx_HAL_Driver/Src/stm32f4xx_hal_uart.o
 .debug_ranges  0x00000de0       0x20 startup/startup_stm32f407xx.o

.debug_macro    0x00000000    0x22da1
 .debug_macro   0x00000000      0x1ec Core/Src/can.o
 .debug_macro   0x000001ec      0xa54 Core/Src/can.o
 .debug_macro   0x00000c40      0x29a Core/Src/can.o
 .debug_macro   0x00000eda       0x2e Core/Src/can.o
 .debug_macro   0x00000f08       0x2f Core/Src/can.o
 .debug_macro   0x00000f37       0x22 Core/Src/can.o
 .debug_macro   0x00000f59       0x8e Core/Src/can.o
 .debug_macro   0x00000fe7       0x51 Core/Src/can.o
 .debug_macro   0x00001038       0xef Core/Src/can.o
 .debug_macro   0x00001127       0x6a Core/Src/can.o
 .debug_macro   0x00001191      0x1df Core/Src/can.o
 .debug_macro   0x00001370       0x1c Core/Src/can.o
 .debug_macro   0x0000138c       0x22 Core/Src/can.o
 .debug_macro   0x000013ae       0xdf Core/Src/can.o
 .debug_macro   0x0000148d     0x102d Core/Src/can.o
 .debug_macro   0x000024ba      0x11f Core/Src/can.o
 .debug_macro   0x000025d9    0x15e3c Core/Src/can.o
 .debug_macro   0x00018415       0x43 Core/Src/can.o
 .debug_macro   0x00018458     0x3659 Core/Src/can.o
 .debug_macro   0x0001bab1      0x174 Core/Src/can.o
 .debug_macro   0x0001bc25       0x5a Core/Src/can.o
 .debug_macro   0x0001bc7f      0x96b Core/Src/can.o
 .debug_macro   0x0001c5ea      0x9fe Core/Src/can.o
 .debug_macro   0x0001cfe8      0x117 Core/Src/can.o
 .debug_macro   0x0001d0ff      0x13e Core/Src/can.o
 .debug_macro   0x0001d23d       0x27 Core/Src/can.o
 .debug_macro   0x0001d264      0x174 Core/Src/can.o
 .debug_macro   0x0001d3d8      0x287 Core/Src/can.o
 .debug_macro   0x0001d65f       0x5f Core/Src/can.o
 .debug_macro   0x0001d6be      0x236 Core/Src/can.o
 .debug_macro   0x0001d8f4      0x40f Core/Src/can.o
 .debug_macro   0x0001dd03      0x12c Core/Src/can.o
 .debug_macro   0x0001de2f      0x21e Core/Src/can.o
 .debug_macro   0x0001e04d       0x2e Core/Src/can.o
 .debug_macro   0x0001e07b      0x11a Core/Src/can.o
 .debug_macro   0x0001e195       0x7e Core/Src/can.o
 .debug_macro   0x0001e213       0x89 Core/Src/can.o
 .debug_macro   0x0001e29c      0x8a0 Core/Src/can.o
 .debug_macro   0x0001eb3c       0x47 Core/Src/can.o
 .debug_macro   0x0001eb83      0x287 Core/Src/can.o
 .debug_macro   0x0001ee0a      0x12d Core/Src/can.o
 .debug_macro   0x0001ef37       0x1a Core/Src/canmd_controller.o
 .debug_macro   0x0001ef51       0x10 Core/Src/canmd_controller.o
 .debug_macro   0x0001ef61      0x1ec Core/Src/gpio.o
 .debug_macro   0x0001f14d      0x2d3 Core/Src/main.o
 .debug_macro   0x0001f420       0x5e Core/Src/main.o
 .debug_macro   0x0001f47e       0x18 Core/Src/main.o
 .debug_macro   0x0001f496       0x35 Core/Src/main.o
 .debug_macro   0x0001f4cb       0x34 Core/Src/main.o
 .debug_macro   0x0001f4ff       0x58 Core/Src/main.o
 .debug_macro   0x0001f557       0x1f Core/Src/main.o
 .debug_macro   0x0001f576       0x43 Core/Src/main.o
 .debug_macro   0x0001f5b9       0x20 Core/Src/main.o
 .debug_macro   0x0001f5d9      0x18e Core/Src/main.o
 .debug_macro   0x0001f767      0x32a Core/Src/main.o
 .debug_macro   0x0001fa91      0x1e1 Core/Src/main.o
 .debug_macro   0x0001fc72       0x21 Core/Src/ps3.o
 .debug_macro   0x0001fc93      0x1e8 Core/Src/stm32f4_easy_can.o
 .debug_macro   0x0001fe7b      0x2aa Core/Src/stm32f4_printf.o
 .debug_macro   0x00020125       0x58 Core/Src/stm32f4_printf.o
 .debug_macro   0x0002017d       0x16 Core/Src/stm32f4_printf.o
 .debug_macro   0x00020193       0x35 Core/Src/stm32f4_printf.o
 .debug_macro   0x000201c8       0x16 Core/Src/stm32f4_printf.o
 .debug_macro   0x000201de       0x29 Core/Src/stm32f4_printf.o
 .debug_macro   0x00020207      0x1e2 Core/Src/stm32f4xx_hal_msp.o
 .debug_macro   0x000203e9      0x1ec Core/Src/stm32f4xx_it.o
 .debug_macro   0x000205d5      0x243 Core/Src/syscalls.o
 .debug_macro   0x00020818       0x58 Core/Src/syscalls.o
 .debug_macro   0x00020870       0x94 Core/Src/syscalls.o
 .debug_macro   0x00020904       0x57 Core/Src/syscalls.o
 .debug_macro   0x0002095b      0x330 Core/Src/syscalls.o
 .debug_macro   0x00020c8b       0x10 Core/Src/syscalls.o
 .debug_macro   0x00020c9b       0x10 Core/Src/syscalls.o
 .debug_macro   0x00020cab       0x10 Core/Src/syscalls.o
 .debug_macro   0x00020cbb       0x10 Core/Src/syscalls.o
 .debug_macro   0x00020ccb       0x1c Core/Src/syscalls.o
 .debug_macro   0x00020ce7       0x52 Core/Src/syscalls.o
 .debug_macro   0x00020d39       0x40 Core/Src/syscalls.o
 .debug_macro   0x00020d79       0x10 Core/Src/syscalls.o
 .debug_macro   0x00020d89       0x40 Core/Src/syscalls.o
 .debug_macro   0x00020dc9       0xd7 Core/Src/syscalls.o
 .debug_macro   0x00020ea0       0x1c Core/Src/syscalls.o
 .debug_macro   0x00020ebc       0x3d Core/Src/syscalls.o
 .debug_macro   0x00020ef9       0x35 Core/Src/syscalls.o
 .debug_macro   0x00020f2e      0x122 Core/Src/syscalls.o
 .debug_macro   0x00021050       0x10 Core/Src/syscalls.o
 .debug_macro   0x00021060      0x241 Core/Src/syscalls.o
 .debug_macro   0x000212a1       0x1c Core/Src/syscalls.o
 .debug_macro   0x000212bd       0x10 Core/Src/syscalls.o
 .debug_macro   0x000212cd       0x10 Core/Src/syscalls.o
 .debug_macro   0x000212dd       0x16 Core/Src/syscalls.o
 .debug_macro   0x000212f3      0x16f Core/Src/syscalls.o
 .debug_macro   0x00021462      0x189 Core/Src/syscalls.o
 .debug_macro   0x000215eb       0x16 Core/Src/syscalls.o
 .debug_macro   0x00021601       0x88 Core/Src/syscalls.o
 .debug_macro   0x00021689      0x1de Core/Src/system_stm32f4xx.o
 .debug_macro   0x00021867      0x1ec Core/Src/tim.o
 .debug_macro   0x00021a53      0x1ec Core/Src/usart.o
 .debug_macro   0x00021c3f      0x238 Drivers/STM32F4xx_HAL_Driver/Src/stm32f4xx_hal.o
 .debug_macro   0x00021e77      0x1e0 Drivers/STM32F4xx_HAL_Driver/Src/stm32f4xx_hal_can.o
 .debug_macro   0x00022057      0x1d8 Drivers/STM32F4xx_HAL_Driver/Src/stm32f4xx_hal_cortex.o
 .debug_macro   0x0002222f      0x1de Drivers/STM32F4xx_HAL_Driver/Src/stm32f4xx_hal_dma.o
 .debug_macro   0x0002240d      0x20e Drivers/STM32F4xx_HAL_Driver/Src/stm32f4xx_hal_gpio.o
 .debug_macro   0x0002261b      0x1fc Drivers/STM32F4xx_HAL_Driver/Src/stm32f4xx_hal_rcc.o
 .debug_macro   0x00022817      0x1d9 Drivers/STM32F4xx_HAL_Driver/Src/stm32f4xx_hal_tim.o
 .debug_macro   0x000229f0      0x1d8 Drivers/STM32F4xx_HAL_Driver/Src/stm32f4xx_hal_tim_ex.o
 .debug_macro   0x00022bc8      0x1d9 Drivers/STM32F4xx_HAL_Driver/Src/stm32f4xx_hal_uart.o

.debug_line     0x00000000     0xb907
 .debug_line    0x00000000      0x694 Core/Src/can.o
 .debug_line    0x00000694      0x174 Core/Src/canmd_controller.o
 .debug_line    0x00000808      0x664 Core/Src/gpio.o
 .debug_line    0x00000e6c      0x842 Core/Src/main.o
 .debug_line    0x000016ae      0x126 Core/Src/ps3.o
 .debug_line    0x000017d4      0x70a Core/Src/stm32f4_easy_can.o
 .debug_line    0x00001ede      0x735 Core/Src/stm32f4_printf.o
 .debug_line    0x00002613      0x653 Core/Src/stm32f4xx_hal_msp.o
 .debug_line    0x00002c66      0x74f Core/Src/stm32f4xx_it.o
 .debug_line    0x000033b5      0x5d6 Core/Src/syscalls.o
 .debug_line    0x0000398b      0x674 Core/Src/system_stm32f4xx.o
 .debug_line    0x00003fff      0x6ef Core/Src/tim.o
 .debug_line    0x000046ee      0x6d0 Core/Src/usart.o
 .debug_line    0x00004dbe      0x851 Drivers/STM32F4xx_HAL_Driver/Src/stm32f4xx_hal.o
 .debug_line    0x0000560f      0xb3b Drivers/STM32F4xx_HAL_Driver/Src/stm32f4xx_hal_can.o
 .debug_line    0x0000614a      0x8a3 Drivers/STM32F4xx_HAL_Driver/Src/stm32f4xx_hal_cortex.o
 .debug_line    0x000069ed      0x979 Drivers/STM32F4xx_HAL_Driver/Src/stm32f4xx_hal_dma.o
 .debug_line    0x00007366      0x7d9 Drivers/STM32F4xx_HAL_Driver/Src/stm32f4xx_hal_gpio.o
 .debug_line    0x00007b3f      0x8e2 Drivers/STM32F4xx_HAL_Driver/Src/stm32f4xx_hal_rcc.o
 .debug_line    0x00008421     0x183c Drivers/STM32F4xx_HAL_Driver/Src/stm32f4xx_hal_tim.o
 .debug_line    0x00009c5d      0xc8c Drivers/STM32F4xx_HAL_Driver/Src/stm32f4xx_hal_tim_ex.o
 .debug_line    0x0000a8e9      0xfa0 Drivers/STM32F4xx_HAL_Driver/Src/stm32f4xx_hal_uart.o
 .debug_line    0x0000b889       0x7e startup/startup_stm32f407xx.o

.debug_str      0x00000000    0xce127
 .debug_str     0x00000000    0xc4adf Core/Src/can.o
                              0xc4dcb (size before relaxing)
 .debug_str     0x000c4adf      0x282 Core/Src/canmd_controller.o
                               0x2f62 (size before relaxing)
 .debug_str     0x000c4d61       0x58 Core/Src/gpio.o
                              0xc45f5 (size before relaxing)
 .debug_str     0x000c4db9     0x3cdc Core/Src/main.o
                              0xc876b (size before relaxing)
 .debug_str     0x000c8a95       0x99 Core/Src/ps3.o
                               0x2e2f (size before relaxing)
 .debug_str     0x000c8b2e      0x290 Core/Src/stm32f4_easy_can.o
                              0xc4a1f (size before relaxing)
 .debug_str     0x000c8dbe      0x284 Core/Src/stm32f4_printf.o
                              0xc7641 (size before relaxing)
 .debug_str     0x000c9042       0x2c Core/Src/stm32f4xx_hal_msp.o
                              0xc453a (size before relaxing)
 .debug_str     0x000c906e      0x16d Core/Src/stm32f4xx_it.o
                              0xc4dee (size before relaxing)
 .debug_str     0x000c91db     0x2385 Core/Src/syscalls.o
                               0x8583 (size before relaxing)
 .debug_str     0x000cb560       0xc4 Core/Src/system_stm32f4xx.o
                              0xc45c1 (size before relaxing)
 .debug_str     0x000cb624      0x13c Core/Src/tim.o
                              0xc5015 (size before relaxing)
 .debug_str     0x000cb760       0x51 Core/Src/usart.o
                              0xc4f88 (size before relaxing)
 .debug_str     0x000cb7b1      0x599 Drivers/STM32F4xx_HAL_Driver/Src/stm32f4xx_hal.o
                              0xc50d3 (size before relaxing)
 .debug_str     0x000cbd4a      0x3a3 Drivers/STM32F4xx_HAL_Driver/Src/stm32f4xx_hal_can.o
                              0xc4cc4 (size before relaxing)
 .debug_str     0x000cc0ed      0x32d Drivers/STM32F4xx_HAL_Driver/Src/stm32f4xx_hal_cortex.o
                              0xc4e7d (size before relaxing)
 .debug_str     0x000cc41a      0x315 Drivers/STM32F4xx_HAL_Driver/Src/stm32f4xx_hal_dma.o
                              0xc49e2 (size before relaxing)
 .debug_str     0x000cc72f      0x1c9 Drivers/STM32F4xx_HAL_Driver/Src/stm32f4xx_hal_gpio.o
                              0xc4800 (size before relaxing)
 .debug_str     0x000cc8f8      0x233 Drivers/STM32F4xx_HAL_Driver/Src/stm32f4xx_hal_rcc.o
                              0xc49d5 (size before relaxing)
 .debug_str     0x000ccb2b      0xcb3 Drivers/STM32F4xx_HAL_Driver/Src/stm32f4xx_hal_tim.o
                              0xc5720 (size before relaxing)
 .debug_str     0x000cd7de      0x464 Drivers/STM32F4xx_HAL_Driver/Src/stm32f4xx_hal_tim_ex.o
                              0xc4f38 (size before relaxing)
 .debug_str     0x000cdc42      0x4b6 Drivers/STM32F4xx_HAL_Driver/Src/stm32f4xx_hal_uart.o
                              0xc4e84 (size before relaxing)
 .debug_str     0x000ce0f8       0x2f startup/startup_stm32f407xx.o
                                 0x43 (size before relaxing)

.comment        0x00000000       0x7f
 .comment       0x00000000       0x7f Core/Src/can.o
                                 0x80 (size before relaxing)
 .comment       0x0000007f       0x80 Core/Src/canmd_controller.o
 .comment       0x0000007f       0x80 Core/Src/gpio.o
 .comment       0x0000007f       0x80 Core/Src/main.o
 .comment       0x0000007f       0x80 Core/Src/ps3.o
 .comment       0x0000007f       0x80 Core/Src/stm32f4_easy_can.o
 .comment       0x0000007f       0x80 Core/Src/stm32f4_printf.o
 .comment       0x0000007f       0x80 Core/Src/stm32f4xx_hal_msp.o
 .comment       0x0000007f       0x80 Core/Src/stm32f4xx_it.o
 .comment       0x0000007f       0x80 Core/Src/syscalls.o
 .comment       0x0000007f       0x80 Core/Src/system_stm32f4xx.o
 .comment       0x0000007f       0x80 Core/Src/tim.o
 .comment       0x0000007f       0x80 Core/Src/usart.o
 .comment       0x0000007f       0x80 Drivers/STM32F4xx_HAL_Driver/Src/stm32f4xx_hal.o
 .comment       0x0000007f       0x80 Drivers/STM32F4xx_HAL_Driver/Src/stm32f4xx_hal_can.o
 .comment       0x0000007f       0x80 Drivers/STM32F4xx_HAL_Driver/Src/stm32f4xx_hal_cortex.o
 .comment       0x0000007f       0x80 Drivers/STM32F4xx_HAL_Driver/Src/stm32f4xx_hal_dma.o
 .comment       0x0000007f       0x80 Drivers/STM32F4xx_HAL_Driver/Src/stm32f4xx_hal_gpio.o
 .comment       0x0000007f       0x80 Drivers/STM32F4xx_HAL_Driver/Src/stm32f4xx_hal_rcc.o
 .comment       0x0000007f       0x80 Drivers/STM32F4xx_HAL_Driver/Src/stm32f4xx_hal_tim.o
 .comment       0x0000007f       0x80 Drivers/STM32F4xx_HAL_Driver/Src/stm32f4xx_hal_tim_ex.o
 .comment       0x0000007f       0x80 Drivers/STM32F4xx_HAL_Driver/Src/stm32f4xx_hal_uart.o

.debug_frame    0x00000000     0x29a8
 .debug_frame   0x00000000       0x60 Core/Src/can.o
 .debug_frame   0x00000060       0xdc Core/Src/canmd_controller.o
 .debug_frame   0x0000013c       0x38 Core/Src/gpio.o
 .debug_frame   0x00000174       0xd0 Core/Src/main.o
 .debug_frame   0x00000244       0x88 Core/Src/ps3.o
 .debug_frame   0x000002cc       0x9c Core/Src/stm32f4_easy_can.o
 .debug_frame   0x00000368       0x74 Core/Src/stm32f4_printf.o
 .debug_frame   0x000003dc       0x28 Core/Src/stm32f4xx_hal_msp.o
 .debug_frame   0x00000404      0x138 Core/Src/stm32f4xx_it.o
 .debug_frame   0x0000053c      0x1a8 Core/Src/syscalls.o
 .debug_frame   0x000006e4       0x30 Core/Src/system_stm32f4xx.o
 .debug_frame   0x00000714       0xa8 Core/Src/tim.o
 .debug_frame   0x000007bc       0x80 Core/Src/usart.o
 .debug_frame   0x0000083c      0x1ec Drivers/STM32F4xx_HAL_Driver/Src/stm32f4xx_hal.o
 .debug_frame   0x00000a28      0x2e4 Drivers/STM32F4xx_HAL_Driver/Src/stm32f4xx_hal_can.o
 .debug_frame   0x00000d0c      0x15c Drivers/STM32F4xx_HAL_Driver/Src/stm32f4xx_hal_cortex.o
 .debug_frame   0x00000e68      0x188 Drivers/STM32F4xx_HAL_Driver/Src/stm32f4xx_hal_dma.o
 .debug_frame   0x00000ff0       0xd8 Drivers/STM32F4xx_HAL_Driver/Src/stm32f4xx_hal_gpio.o
 .debug_frame   0x000010c8      0x184 Drivers/STM32F4xx_HAL_Driver/Src/stm32f4xx_hal_rcc.o
 .debug_frame   0x0000124c      0xa7c Drivers/STM32F4xx_HAL_Driver/Src/stm32f4xx_hal_tim.o
 .debug_frame   0x00001cc8      0x3b4 Drivers/STM32F4xx_HAL_Driver/Src/stm32f4xx_hal_tim_ex.o
 .debug_frame   0x0000207c      0x4f0 Drivers/STM32F4xx_HAL_Driver/Src/stm32f4xx_hal_uart.o
 .debug_frame   0x0000256c       0x2c d:/ac6/systemworkbench/plugins/fr.ac6.mcu.externaltools.arm-none.win32_1.17.0.201812190825/tools/compiler/bin/../lib/gcc/arm-none-eabi/7.3.1/thumb/v7e-m/fpv4-sp/hard\libgcc.a(_aeabi_uldivmod.o)
 .debug_frame   0x00002598       0x34 d:/ac6/systemworkbench/plugins/fr.ac6.mcu.externaltools.arm-none.win32_1.17.0.201812190825/tools/compiler/bin/../lib/gcc/arm-none-eabi/7.3.1/thumb/v7e-m/fpv4-sp/hard\libgcc.a(_udivmoddi4.o)
 .debug_frame   0x000025cc       0x20 d:/ac6/systemworkbench/plugins/fr.ac6.mcu.externaltools.arm-none.win32_1.17.0.201812190825/tools/compiler/bin/../lib/gcc/arm-none-eabi/7.3.1/../../../../arm-none-eabi/lib/thumb/v7e-m/fpv4-sp/hard\libc_nano.a(lib_a-errno.o)
 .debug_frame   0x000025ec       0x2c d:/ac6/systemworkbench/plugins/fr.ac6.mcu.externaltools.arm-none.win32_1.17.0.201812190825/tools/compiler/bin/../lib/gcc/arm-none-eabi/7.3.1/../../../../arm-none-eabi/lib/thumb/v7e-m/fpv4-sp/hard\libc_nano.a(lib_a-init.o)
 .debug_frame   0x00002618       0x30 d:/ac6/systemworkbench/plugins/fr.ac6.mcu.externaltools.arm-none.win32_1.17.0.201812190825/tools/compiler/bin/../lib/gcc/arm-none-eabi/7.3.1/../../../../arm-none-eabi/lib/thumb/v7e-m/fpv4-sp/hard\libc_nano.a(lib_a-malloc.o)
 .debug_frame   0x00002648       0x20 d:/ac6/systemworkbench/plugins/fr.ac6.mcu.externaltools.arm-none.win32_1.17.0.201812190825/tools/compiler/bin/../lib/gcc/arm-none-eabi/7.3.1/../../../../arm-none-eabi/lib/thumb/v7e-m/fpv4-sp/hard\libc_nano.a(lib_a-memset.o)
 .debug_frame   0x00002668       0x38 d:/ac6/systemworkbench/plugins/fr.ac6.mcu.externaltools.arm-none.win32_1.17.0.201812190825/tools/compiler/bin/../lib/gcc/arm-none-eabi/7.3.1/../../../../arm-none-eabi/lib/thumb/v7e-m/fpv4-sp/hard\libc_nano.a(lib_a-nano-freer.o)
 .debug_frame   0x000026a0       0x2c d:/ac6/systemworkbench/plugins/fr.ac6.mcu.externaltools.arm-none.win32_1.17.0.201812190825/tools/compiler/bin/../lib/gcc/arm-none-eabi/7.3.1/../../../../arm-none-eabi/lib/thumb/v7e-m/fpv4-sp/hard\libc_nano.a(lib_a-nano-mallocr.o)
 .debug_frame   0x000026cc       0x2c d:/ac6/systemworkbench/plugins/fr.ac6.mcu.externaltools.arm-none.win32_1.17.0.201812190825/tools/compiler/bin/../lib/gcc/arm-none-eabi/7.3.1/../../../../arm-none-eabi/lib/thumb/v7e-m/fpv4-sp/hard\libc_nano.a(lib_a-sbrkr.o)
 .debug_frame   0x000026f8       0x4c d:/ac6/systemworkbench/plugins/fr.ac6.mcu.externaltools.arm-none.win32_1.17.0.201812190825/tools/compiler/bin/../lib/gcc/arm-none-eabi/7.3.1/../../../../arm-none-eabi/lib/thumb/v7e-m/fpv4-sp/hard\libc_nano.a(lib_a-vsnprintf.o)
 .debug_frame   0x00002744       0x3c d:/ac6/systemworkbench/plugins/fr.ac6.mcu.externaltools.arm-none.win32_1.17.0.201812190825/tools/compiler/bin/../lib/gcc/arm-none-eabi/7.3.1/../../../../arm-none-eabi/lib/thumb/v7e-m/fpv4-sp/hard\libc_nano.a(lib_a-vsprintf.o)
 .debug_frame   0x00002780       0x30 d:/ac6/systemworkbench/plugins/fr.ac6.mcu.externaltools.arm-none.win32_1.17.0.201812190825/tools/compiler/bin/../lib/gcc/arm-none-eabi/7.3.1/../../../../arm-none-eabi/lib/thumb/v7e-m/fpv4-sp/hard\libc_nano.a(lib_a-mlock.o)
 .debug_frame   0x000027b0       0x90 d:/ac6/systemworkbench/plugins/fr.ac6.mcu.externaltools.arm-none.win32_1.17.0.201812190825/tools/compiler/bin/../lib/gcc/arm-none-eabi/7.3.1/../../../../arm-none-eabi/lib/thumb/v7e-m/fpv4-sp/hard\libc_nano.a(lib_a-nano-svfprintf.o)
 .debug_frame   0x00002840       0x60 d:/ac6/systemworkbench/plugins/fr.ac6.mcu.externaltools.arm-none.win32_1.17.0.201812190825/tools/compiler/bin/../lib/gcc/arm-none-eabi/7.3.1/../../../../arm-none-eabi/lib/thumb/v7e-m/fpv4-sp/hard\libc_nano.a(lib_a-nano-vfprintf_i.o)
 .debug_frame   0x000028a0       0x5c d:/ac6/systemworkbench/plugins/fr.ac6.mcu.externaltools.arm-none.win32_1.17.0.201812190825/tools/compiler/bin/../lib/gcc/arm-none-eabi/7.3.1/../../../../arm-none-eabi/lib/thumb/v7e-m/fpv4-sp/hard\libc_nano.a(lib_a-reent.o)
 .debug_frame   0x000028fc       0x28 d:/ac6/systemworkbench/plugins/fr.ac6.mcu.externaltools.arm-none.win32_1.17.0.201812190825/tools/compiler/bin/../lib/gcc/arm-none-eabi/7.3.1/../../../../arm-none-eabi/lib/thumb/v7e-m/fpv4-sp/hard\libc_nano.a(lib_a-memcpy-stub.o)
 .debug_frame   0x00002924       0x28 d:/ac6/systemworkbench/plugins/fr.ac6.mcu.externaltools.arm-none.win32_1.17.0.201812190825/tools/compiler/bin/../lib/gcc/arm-none-eabi/7.3.1/../../../../arm-none-eabi/lib/thumb/v7e-m/fpv4-sp/hard\libc_nano.a(lib_a-memmove.o)
 .debug_frame   0x0000294c       0x3c d:/ac6/systemworkbench/plugins/fr.ac6.mcu.externaltools.arm-none.win32_1.17.0.201812190825/tools/compiler/bin/../lib/gcc/arm-none-eabi/7.3.1/../../../../arm-none-eabi/lib/thumb/v7e-m/fpv4-sp/hard\libc_nano.a(lib_a-nano-reallocr.o)
 .debug_frame   0x00002988       0x20 d:/ac6/systemworkbench/plugins/fr.ac6.mcu.externaltools.arm-none.win32_1.17.0.201812190825/tools/compiler/bin/../lib/gcc/arm-none-eabi/7.3.1/../../../../arm-none-eabi/lib/thumb/v7e-m/fpv4-sp/hard\libc_nano.a(lib_a-nano-msizer.o)
